******************************************************************************
                  TI ARM Linker PC v18.12.2                    
******************************************************************************
>> Linked Fri Dec 13 23:10:27 2019

OUTPUT FILE NAME:   <lab12.out>
ENTRY POINT SYMBOL: "_c_int00_noargs"  address: 00000bb1


MEMORY CONFIGURATION

         name            origin    length      used     unused   attr    fill
----------------------  --------  ---------  --------  --------  ----  --------
  FLASH                 00000000   00040000  00000f08  0003f0f8  R  X
  SRAM                  20000000   00008000  00000074  00007f8c  RW X


SEGMENT ALLOCATION MAP

run origin  load origin   length   init length attrs members
----------  ----------- ---------- ----------- ----- -------
00000000    00000000    00000f0c   00000f0c    r-x
  00000000    00000000    0000026c   0000026c    r-- .intvecs
  0000026c    0000026c    00000b1c   00000b1c    r-x .text
  00000d88    00000d88    0000016c   0000016c    r-- .const
  00000ef8    00000ef8    00000014   00000014    r-- .cinit
20000000    20000000    00000074   00000000    rw-
  20000000    20000000    00000068   00000000    rw- .stack
  20000068    20000068    0000000c   00000000    rw- .bss


SECTION ALLOCATION MAP

 output                                  attributes/
section   page    origin      length       input sections
--------  ----  ----------  ----------   ----------------
.intvecs   0    00000000    0000026c     
                  00000000    0000026c     tm4c123gh6pm_startup_ccs.obj (.intvecs)

.text      0    0000026c    00000b1c     
                  0000026c    000003d0     Lab07_Task02.obj (.text)
                  0000063c    00000132     driverlib.lib : gpio.obj (.text:GPIOPadConfigSet)
                  0000076e    00000002     --HOLE-- [fill = 0]
                  00000770    00000110                   : sysctl.obj (.text:SysCtlClockGet)
                  00000880    000000f4                   : sysctl.obj (.text:SysCtlClockSet)
                  00000974    0000007a                   : adc.obj (.text:ADCSequenceStepConfigure)
                  000009ee    00000002     --HOLE-- [fill = 0]
                  000009f0    00000068                   : interrupt.obj (.text:IntEnable)
                  00000a58    00000050                   : adc.obj (.text:ADCSequenceConfigure)
                  00000aa8    00000048                   : gpio.obj (.text:GPIOPinConfigure)
                  00000af0    00000046                   : uart.obj (.text:UARTConfigSetExpClk)
                  00000b36    00000002     --HOLE-- [fill = 0]
                  00000b38    00000044     rtsv7M4_T_le_v4SPD16_eabi.lib : autoinit.c.obj (.text:__TI_auto_init_nobinit_nopinit:__TI_auto_init_nobinit_nopinit)
                  00000b7c    00000034     driverlib.lib : sysctl.obj (.text:SysCtlPeripheralEnable)
                  00000bb0    00000034     rtsv7M4_T_le_v4SPD16_eabi.lib : boot_cortex_m.c.obj (.text:_c_int00_noargs:_c_int00_noargs)
                  00000be4    0000002e     driverlib.lib : adc.obj (.text:ADCIntStatus)
                  00000c12    0000002a                   : gpio.obj (.text:GPIODirModeSet)
                  00000c3c    00000020                   : uart.obj (.text:UARTDisable)
                  00000c5c    0000001e                   : adc.obj (.text:ADCSequenceDataGet)
                  00000c7a    0000001c     rtsv7M4_T_le_v4SPD16_eabi.lib : copy_zero_init.c.obj (.text:decompress:ZI:__TI_zero_init_nomemset:__TI_zero_init_nomemset)
                  00000c96    00000018     driverlib.lib : adc.obj (.text:ADCProcessorTrigger)
                  00000cae    00000018                   : gpio.obj (.text:GPIOPinTypeGPIOOutput)
                  00000cc6    00000014                   : uart.obj (.text:UARTEnable)
                  00000cda    00000012                   : gpio.obj (.text:GPIOPinTypeUART)
                  00000cec    00000010                   : adc.obj (.text:ADCIntEnable)
                  00000cfc    00000010                   : interrupt.obj (.text:IntMasterEnable)
                  00000d0c    0000000e                   : adc.obj (.text:ADCHardwareOversampleConfigure)
                  00000d1a    0000000e                   : adc.obj (.text:ADCSequenceEnable)
                  00000d28    0000000c                   : cpu.obj (.text:CPUcpsie)
                  00000d34    0000000c     tm4c123gh6pm_startup_ccs.obj (.text)
                  00000d40    0000000a     driverlib.lib : adc.obj (.text:ADCIntClear)
                  00000d4a    0000000a                   : uart.obj (.text:UARTCharGet)
                  00000d54    0000000a                   : uart.obj (.text:UARTCharPut)
                  00000d5e    0000000a                   : uart.obj (.text:UARTIntStatus)
                  00000d68    00000008                   : uart.obj (.text:UARTIntEnable)
                  00000d70    00000006                   : gpio.obj (.text:GPIOPinWrite)
                  00000d76    00000006                   : sysctl.obj (.text:SysCtlDelay)
                  00000d7c    00000004                   : uart.obj (.text:UARTIntClear)
                  00000d80    00000004     rtsv7M4_T_le_v4SPD16_eabi.lib : pre_init.c.obj (.text:_system_pre_init)
                  00000d84    00000004                                   : exit.c.obj (.text:abort:abort)

.const     0    00000d88    0000016c     
                  00000d88    00000090     driverlib.lib : gpio.obj (.const:g_pui32GPIOBaseAddrs)
                  00000e18    00000070                   : interrupt.obj (.const)
                  00000e88    0000006c                   : sysctl.obj (.const:g_pui32Xtals)

.cinit     0    00000ef8    00000014     
                  00000ef8    00000008     (.cinit..bss.load) [load image, compression = zero_init]
                  00000f00    00000004     (__TI_handler_table)
                  00000f04    00000008     (__TI_cinit_table)

.init_array 
*          0    00000000    00000000     UNINITIALIZED

.bss       0    20000068    0000000c     UNINITIALIZED
                  20000068    00000004     (.common:ui32ADC0Value)
                  2000006c    00000004     (.common:ui32TempValueC)
                  20000070    00000004     (.common:ui32TempValueF)

.stack     0    20000000    00000068     UNINITIALIZED
                  20000000    00000004     rtsv7M4_T_le_v4SPD16_eabi.lib : boot_cortex_m.c.obj (.stack)
                  20000004    00000064     --HOLE--

MODULE SUMMARY

       Module                         code   ro data   rw data
       ------                         ----   -------   -------
    .\
       Lab07_Task02.obj               976    0         12     
       tm4c123gh6pm_startup_ccs.obj   12     620       0      
    +--+------------------------------+------+---------+---------+
       Total:                         988    620       12     
                                                              
    C:/ti/tivaware_c_series_2_1_4_178/driverlib/ccs/Debug/driverlib.lib
       sysctl.obj                     574    108       0      
       gpio.obj                       468    144       0      
       adc.obj                        356    0         0      
       interrupt.obj                  120    112       0      
       uart.obj                       164    0         0      
       cpu.obj                        12     0         0      
    +--+------------------------------+------+---------+---------+
       Total:                         1694   364       0      
                                                              
    C:\ti\ccs910\ccs\tools\compiler\ti-cgt-arm_18.12.2.LTS\lib\rtsv7M4_T_le_v4SPD16_eabi.lib
       autoinit.c.obj                 68     0         0      
       boot_cortex_m.c.obj            52     0         0      
       copy_zero_init.c.obj           28     0         0      
       exit.c.obj                     4      0         0      
       pre_init.c.obj                 4      0         0      
    +--+------------------------------+------+---------+---------+
       Total:                         156    0         0      
                                                              
       Stack:                         0      0         104    
       Linker Generated:              0      20        0      
    +--+------------------------------+------+---------+---------+
       Grand Total:                   2838   1004      116    


LINKER GENERATED COPY TABLES

__TI_cinit_table @ 00000f04 records: 1, size/record: 8, table size: 8
	.bss: load addr=00000ef8, load size=00000008 bytes, run addr=20000068, run size=0000000c bytes, compression=zero_init


LINKER GENERATED HANDLER TABLE

__TI_handler_table @ 00000f00 records: 1, size/record: 4, table size: 4
	index: 0, handler: __TI_zero_init


GLOBAL SYMBOLS: SORTED ALPHABETICALLY BY Name 

address   name                          
-------   ----                          
00000d0d  ADCHardwareOversampleConfigure
00000d41  ADCIntClear                   
00000ced  ADCIntEnable                  
00000be5  ADCIntStatus                  
00000c97  ADCProcessorTrigger           
00000a59  ADCSequenceConfigure          
00000c5d  ADCSequenceDataGet            
00000d1b  ADCSequenceEnable             
00000975  ADCSequenceStepConfigure      
00000d85  C$$EXIT                       
00000d29  CPUcpsie                      
00000c13  GPIODirModeSet                
0000063d  GPIOPadConfigSet              
00000aa9  GPIOPinConfigure              
00000caf  GPIOPinTypeGPIOOutput         
00000cdb  GPIOPinTypeUART               
00000d71  GPIOPinWrite                  
000009f1  IntEnable                     
00000cfd  IntMasterEnable               
00000d35  ResetISR                      
00000771  SysCtlClockGet                
00000881  SysCtlClockSet                
00000d77  SysCtlDelay                   
00000b7d  SysCtlPeripheralEnable        
00000d4b  UARTCharGet                   
00000d55  UARTCharPut                   
00000af1  UARTConfigSetExpClk           
00000c3d  UARTDisable                   
00000cc7  UARTEnable                    
00000d7d  UARTIntClear                  
00000d69  UARTIntEnable                 
0000035b  UARTIntHandler                
00000d5f  UARTIntStatus                 
20000068  __STACK_END                   
00000068  __STACK_SIZE                  
20000200  __STACK_TOP                   
00000f04  __TI_CINIT_Base               
00000f0c  __TI_CINIT_Limit              
00000f00  __TI_Handler_Table_Base       
00000f04  __TI_Handler_Table_Limit      
00000b39  __TI_auto_init_nobinit_nopinit
ffffffff  __TI_pprof_out_hndl           
ffffffff  __TI_prof_data_size           
ffffffff  __TI_prof_data_start          
00000000  __TI_static_base__            
00000c7b  __TI_zero_init_nomemset       
ffffffff  __binit__                     
ffffffff  __c_args__                    
UNDEFED   __mpu_init                    
20000000  __stack                       
00000bb1  _c_int00_noargs               
UNDEFED   _system_post_cinit            
00000d81  _system_pre_init              
00000d85  abort                         
ffffffff  binit                         
00000000  g_pfnVectors                  
00000279  main                          
0000033f  outputC                       
0000030f  outputN                       
20000068  ui32ADC0Value                 
2000006c  ui32TempValueC                
20000070  ui32TempValueF                
0000026d  void__error__                 


GLOBAL SYMBOLS: SORTED BY Symbol Address 

address   name                          
-------   ----                          
00000000  __TI_static_base__            
00000000  g_pfnVectors                  
00000068  __STACK_SIZE                  
0000026d  void__error__                 
00000279  main                          
0000030f  outputN                       
0000033f  outputC                       
0000035b  UARTIntHandler                
0000063d  GPIOPadConfigSet              
00000771  SysCtlClockGet                
00000881  SysCtlClockSet                
00000975  ADCSequenceStepConfigure      
000009f1  IntEnable                     
00000a59  ADCSequenceConfigure          
00000aa9  GPIOPinConfigure              
00000af1  UARTConfigSetExpClk           
00000b39  __TI_auto_init_nobinit_nopinit
00000b7d  SysCtlPeripheralEnable        
00000bb1  _c_int00_noargs               
00000be5  ADCIntStatus                  
00000c13  GPIODirModeSet                
00000c3d  UARTDisable                   
00000c5d  ADCSequenceDataGet            
00000c7b  __TI_zero_init_nomemset       
00000c97  ADCProcessorTrigger           
00000caf  GPIOPinTypeGPIOOutput         
00000cc7  UARTEnable                    
00000cdb  GPIOPinTypeUART               
00000ced  ADCIntEnable                  
00000cfd  IntMasterEnable               
00000d0d  ADCHardwareOversampleConfigure
00000d1b  ADCSequenceEnable             
00000d29  CPUcpsie                      
00000d35  ResetISR                      
00000d41  ADCIntClear                   
00000d4b  UARTCharGet                   
00000d55  UARTCharPut                   
00000d5f  UARTIntStatus                 
00000d69  UARTIntEnable                 
00000d71  GPIOPinWrite                  
00000d77  SysCtlDelay                   
00000d7d  UARTIntClear                  
00000d81  _system_pre_init              
00000d85  C$$EXIT                       
00000d85  abort                         
00000f00  __TI_Handler_Table_Base       
00000f04  __TI_CINIT_Base               
00000f04  __TI_Handler_Table_Limit      
00000f0c  __TI_CINIT_Limit              
20000000  __stack                       
20000068  __STACK_END                   
20000068  ui32ADC0Value                 
2000006c  ui32TempValueC                
20000070  ui32TempValueF                
20000200  __STACK_TOP                   
ffffffff  __TI_pprof_out_hndl           
ffffffff  __TI_prof_data_size           
ffffffff  __TI_prof_data_start          
ffffffff  __binit__                     
ffffffff  __c_args__                    
ffffffff  binit                         
UNDEFED   __mpu_init                    
UNDEFED   _system_post_cinit            

[63 symbols]
