******************************************************************************
                  TI ARM Linker PC v18.12.2                    
******************************************************************************
>> Linked Fri Dec 13 21:47:45 2019

OUTPUT FILE NAME:   <lab9.out>
ENTRY POINT SYMBOL: "_c_int00_noargs"  address: 00000955


MEMORY CONFIGURATION

         name            origin    length      used     unused   attr    fill
----------------------  --------  ---------  --------  --------  ----  --------
  FLASH                 00000000   00040000  000009f6  0003f60a  R  X
  SRAM                  20000000   00008000  000001fc  00007e04  RW X


SEGMENT ALLOCATION MAP

run origin  load origin   length   init length attrs members
----------  ----------- ---------- ----------- ----- -------
00000000    00000000    000009f8   000009f8    r-x
  00000000    00000000    0000026c   0000026c    r-- .intvecs
  0000026c    0000026c    0000075a   0000075a    r-x .text
  000009c8    000009c8    00000030   00000030    r-- .cinit
20000000    20000000    000001fc   00000000    rw-
  20000000    20000000    00000190   00000000    rw- .bss
  20000190    20000190    00000068   00000000    rw- .stack
  200001f8    200001f8    00000004   00000000    rw- .data


SECTION ALLOCATION MAP

 output                                  attributes/
section   page    origin      length       input sections
--------  ----  ----------  ----------   ----------------
.intvecs   0    00000000    0000026c     
                  00000000    0000026c     tm4c123gh6pm_startup_ccs.obj (.intvecs)

.text      0    0000026c    0000075a     
                  0000026c    000001b6     rtsv7M4_T_le_v4SPD16_eabi.lib : fd_add_t2.asm.obj (.text)
                  00000422    000000fc                                   : fd_mul_t2.asm.obj (.text)
                  0000051e    00000002     --HOLE-- [fill = 0]
                  00000520    000000ec     Lab9_Task02.obj (.text)
                  0000060c    000000b4     rtsv7M4_T_le_v4SPD16_eabi.lib : s_cosf.c.obj (.text:cosf)
                  000006c0    000000a4                                   : s_sinf.c.obj (.text:sinf)
                  00000764    0000009c                                   : memcpy_t2.asm.obj (.text)
                  00000800    0000006e                                   : fd_tos_t2.asm.obj (.text)
                  0000086e    00000068                                   : copy_decompress_lzss.c.obj (.text:decompress:lzss:__TI_decompress_lzss)
                  000008d6    00000002     --HOLE-- [fill = 0]
                  000008d8    00000044                                   : autoinit.c.obj (.text:__TI_auto_init_nobinit_nopinit:__TI_auto_init_nobinit_nopinit)
                  0000091c    00000038                                   : fs_tod_t2.asm.obj (.text)
                  00000954    00000034                                   : boot_cortex_m.c.obj (.text:_c_int00_noargs:_c_int00_noargs)
                  00000988    0000001c                                   : copy_zero_init.c.obj (.text:decompress:ZI:__TI_zero_init_nomemset:__TI_zero_init_nomemset)
                  000009a4    0000000e                                   : copy_decompress_none.c.obj (.text:decompress:none:__TI_decompress_none)
                  000009b2    0000000c     tm4c123gh6pm_startup_ccs.obj (.text)
                  000009be    00000004     rtsv7M4_T_le_v4SPD16_eabi.lib : pre_init.c.obj (.text:_system_pre_init)
                  000009c2    00000004                                   : exit.c.obj (.text:abort:abort)

.cinit     0    000009c8    00000030     
                  000009c8    0000000c     (__TI_handler_table)
                  000009d4    00000004     --HOLE-- [fill = 0]
                  000009d8    00000008     (.cinit..bss.load) [load image, compression = zero_init]
                  000009e0    00000007     (.cinit..data.load) [load image, compression = lzss]
                  000009e7    00000001     --HOLE-- [fill = 0]
                  000009e8    00000010     (__TI_cinit_table)

.init_array 
*          0    00000000    00000000     UNINITIALIZED

.bss       0    20000000    00000190     UNINITIALIZED
                  20000000    00000190     (.common:gSeriesData)

.data      0    200001f8    00000004     UNINITIALIZED
                  200001f8    00000004     Lab9_Task02.obj (.data)

.stack     0    20000190    00000068     UNINITIALIZED
                  20000190    00000004     rtsv7M4_T_le_v4SPD16_eabi.lib : boot_cortex_m.c.obj (.stack)
                  20000194    00000064     --HOLE--

MODULE SUMMARY

       Module                         code   ro data   rw data
       ------                         ----   -------   -------
    .\
       Lab9_Task02.obj                236    0         404    
       tm4c123gh6pm_startup_ccs.obj   12     620       0      
    +--+------------------------------+------+---------+---------+
       Total:                         248    620       404    
                                                              
    C:\ti\ccs910\ccs\tools\compiler\ti-cgt-arm_18.12.2.LTS\lib\rtsv7M4_T_le_v4SPD16_eabi.lib
       fd_add_t2.asm.obj              438    0         0      
       fd_mul_t2.asm.obj              252    0         0      
       s_cosf.c.obj                   180    0         0      
       s_sinf.c.obj                   164    0         0      
       memcpy_t2.asm.obj              156    0         0      
       fd_tos_t2.asm.obj              110    0         0      
       copy_decompress_lzss.c.obj     104    0         0      
       autoinit.c.obj                 68     0         0      
       fs_tod_t2.asm.obj              56     0         0      
       boot_cortex_m.c.obj            52     0         0      
       copy_zero_init.c.obj           28     0         0      
       copy_decompress_none.c.obj     14     0         0      
       exit.c.obj                     4      0         0      
       pre_init.c.obj                 4      0         0      
    +--+------------------------------+------+---------+---------+
       Total:                         1630   0         0      
                                                              
       Stack:                         0      0         104    
       Linker Generated:              0      43        0      
    +--+------------------------------+------+---------+---------+
       Grand Total:                   1878   663       508    


LINKER GENERATED COPY TABLES

__TI_cinit_table @ 000009e8 records: 2, size/record: 8, table size: 16
	.bss: load addr=000009d8, load size=00000008 bytes, run addr=20000000, run size=00000190 bytes, compression=zero_init
	.data: load addr=000009e0, load size=00000007 bytes, run addr=200001f8, run size=00000004 bytes, compression=lzss


LINKER GENERATED HANDLER TABLE

__TI_handler_table @ 000009c8 records: 3, size/record: 4, table size: 12
	index: 0, handler: __TI_decompress_lzss
	index: 1, handler: __TI_decompress_none
	index: 2, handler: __TI_zero_init


GLOBAL SYMBOLS: SORTED ALPHABETICALLY BY Name 

address   name                          
-------   ----                          
000009c3  C$$EXIT                       
000009b3  ResetISR                      
200001f8  __STACK_END                   
00000068  __STACK_SIZE                  
20000390  __STACK_TOP                   
000009e8  __TI_CINIT_Base               
000009f8  __TI_CINIT_Limit              
000009c8  __TI_Handler_Table_Base       
000009d4  __TI_Handler_Table_Limit      
000008d9  __TI_auto_init_nobinit_nopinit
0000086f  __TI_decompress_lzss          
000009a5  __TI_decompress_none          
ffffffff  __TI_pprof_out_hndl           
ffffffff  __TI_prof_data_size           
ffffffff  __TI_prof_data_start          
00000000  __TI_static_base__            
00000989  __TI_zero_init_nomemset       
00000801  __aeabi_d2f                   
00000277  __aeabi_dadd                  
00000423  __aeabi_dmul                  
0000026d  __aeabi_dsub                  
0000091d  __aeabi_f2d                   
00000765  __aeabi_memcpy                
00000765  __aeabi_memcpy4               
00000765  __aeabi_memcpy8               
ffffffff  __binit__                     
ffffffff  __c_args__                    
UNDEFED   __mpu_init                    
20000190  __stack                       
00000955  _c_int00_noargs               
UNDEFED   _system_post_cinit            
000009bf  _system_pre_init              
000009c3  abort                         
ffffffff  binit                         
0000060d  cosf                          
20000000  gSeriesData                   
00000000  g_pfnVectors                  
200001f8  i32DataCount                  
00000521  main                          
00000765  memcpy                        
000006c1  sinf                          


GLOBAL SYMBOLS: SORTED BY Symbol Address 

address   name                          
-------   ----                          
00000000  __TI_static_base__            
00000000  g_pfnVectors                  
00000068  __STACK_SIZE                  
0000026d  __aeabi_dsub                  
00000277  __aeabi_dadd                  
00000423  __aeabi_dmul                  
00000521  main                          
0000060d  cosf                          
000006c1  sinf                          
00000765  __aeabi_memcpy                
00000765  __aeabi_memcpy4               
00000765  __aeabi_memcpy8               
00000765  memcpy                        
00000801  __aeabi_d2f                   
0000086f  __TI_decompress_lzss          
000008d9  __TI_auto_init_nobinit_nopinit
0000091d  __aeabi_f2d                   
00000955  _c_int00_noargs               
00000989  __TI_zero_init_nomemset       
000009a5  __TI_decompress_none          
000009b3  ResetISR                      
000009bf  _system_pre_init              
000009c3  C$$EXIT                       
000009c3  abort                         
000009c8  __TI_Handler_Table_Base       
000009d4  __TI_Handler_Table_Limit      
000009e8  __TI_CINIT_Base               
000009f8  __TI_CINIT_Limit              
20000000  gSeriesData                   
20000190  __stack                       
200001f8  __STACK_END                   
200001f8  i32DataCount                  
20000390  __STACK_TOP                   
ffffffff  __TI_pprof_out_hndl           
ffffffff  __TI_prof_data_size           
ffffffff  __TI_prof_data_start          
ffffffff  __binit__                     
ffffffff  __c_args__                    
ffffffff  binit                         
UNDEFED   __mpu_init                    
UNDEFED   _system_post_cinit            

[41 symbols]
