******************************************************************************
                  TI ARM Linker PC v18.12.2                    
******************************************************************************
>> Linked Thu Oct  3 00:27:20 2019

OUTPUT FILE NAME:   <lab5.out>
ENTRY POINT SYMBOL: "_c_int00_noargs"  address: 00000941


MEMORY CONFIGURATION

         name            origin    length      used     unused   attr    fill
----------------------  --------  ---------  --------  --------  ----  --------
  FLASH                 00000000   00040000  00000bc4  0003f43c  R  X
  SRAM                  20000000   00008000  00000088  00007f78  RW X


SEGMENT ALLOCATION MAP

run origin  load origin   length   init length attrs members
----------  ----------- ---------- ----------- ----- -------
00000000    00000000    00000bc4   00000bc4    r-x
  00000000    00000000    0000026c   0000026c    r-- .intvecs
  0000026c    0000026c    00000868   00000868    r-x .text
  00000ad4    00000ad4    000000dc   000000dc    r-- .const
  00000bb0    00000bb0    00000014   00000014    r-- .cinit
20000000    20000000    00000088   00000000    rw-
  20000000    20000000    00000068   00000000    rw- .stack
  20000068    20000068    00000020   00000000    rw- .bss


SECTION ALLOCATION MAP

 output                                  attributes/
section   page    origin      length       input sections
--------  ----  ----------  ----------   ----------------
.intvecs   0    00000000    0000026c     
                  00000000    0000026c     tm4c123gh6pm_startup_ccs.obj (.intvecs)

.text      0    0000026c    00000868     
                  0000026c    00000190     Lab5_Task02.obj (.text)
                  000003fc    00000132     driverlib.lib : gpio.obj (.text:GPIOPadConfigSet)
                  0000052e    00000002     --HOLE-- [fill = 0]
                  00000530    00000110                   : sysctl.obj (.text:SysCtlClockGet)
                  00000640    000000f4                   : sysctl.obj (.text:SysCtlClockSet)
                  00000734    0000007a                   : adc.obj (.text:ADCSequenceStepConfigure)
                  000007ae    00000002     --HOLE-- [fill = 0]
                  000007b0    00000068                   : interrupt.obj (.text:IntEnable)
                  00000818    00000060                   : timer.obj (.text:TimerConfigure)
                  00000878    00000050                   : adc.obj (.text:ADCSequenceConfigure)
                  000008c8    00000044     rtsv7M4_T_le_v4SPD16_eabi.lib : autoinit.c.obj (.text:__TI_auto_init_nobinit_nopinit:__TI_auto_init_nobinit_nopinit)
                  0000090c    00000034     driverlib.lib : sysctl.obj (.text:SysCtlPeripheralEnable)
                  00000940    00000034     rtsv7M4_T_le_v4SPD16_eabi.lib : boot_cortex_m.c.obj (.text:_c_int00_noargs:_c_int00_noargs)
                  00000974    0000002e     driverlib.lib : adc.obj (.text:ADCIntStatus)
                  000009a2    0000002a                   : gpio.obj (.text:GPIODirModeSet)
                  000009cc    0000001e                   : adc.obj (.text:ADCSequenceDataGet)
                  000009ea    0000001c     rtsv7M4_T_le_v4SPD16_eabi.lib : copy_zero_init.c.obj (.text:decompress:ZI:__TI_zero_init_nomemset:__TI_zero_init_nomemset)
                  00000a06    00000018     driverlib.lib : adc.obj (.text:ADCProcessorTrigger)
                  00000a1e    00000018                   : gpio.obj (.text:GPIOPinTypeGPIOOutput)
                  00000a36    00000012                   : timer.obj (.text:TimerLoadSet)
                  00000a48    00000010                   : adc.obj (.text:ADCIntEnable)
                  00000a58    00000010                   : interrupt.obj (.text:IntMasterEnable)
                  00000a68    0000000e                   : adc.obj (.text:ADCHardwareOversampleConfigure)
                  00000a76    0000000e                   : adc.obj (.text:ADCSequenceEnable)
                  00000a84    0000000e                   : timer.obj (.text:TimerEnable)
                  00000a92    0000000c                   : cpu.obj (.text:CPUcpsie)
                  00000a9e    0000000c     tm4c123gh6pm_startup_ccs.obj (.text)
                  00000aaa    0000000a     driverlib.lib : adc.obj (.text:ADCIntClear)
                  00000ab4    00000008                   : timer.obj (.text:TimerIntEnable)
                  00000abc    00000006                   : gpio.obj (.text:GPIOPinWrite)
                  00000ac2    00000006                   : sysctl.obj (.text:SysCtlDelay)
                  00000ac8    00000004                   : timer.obj (.text:TimerIntClear)
                  00000acc    00000004     rtsv7M4_T_le_v4SPD16_eabi.lib : pre_init.c.obj (.text:_system_pre_init)
                  00000ad0    00000004                                   : exit.c.obj (.text:abort:abort)

.const     0    00000ad4    000000dc     
                  00000ad4    00000070     driverlib.lib : interrupt.obj (.const)
                  00000b44    0000006c                   : sysctl.obj (.const:g_pui32Xtals)

.cinit     0    00000bb0    00000014     
                  00000bb0    00000008     (.cinit..bss.load) [load image, compression = zero_init]
                  00000bb8    00000004     (__TI_handler_table)
                  00000bbc    00000008     (__TI_cinit_table)

.init_array 
*          0    00000000    00000000     UNINITIALIZED

.bss       0    20000068    00000020     UNINITIALIZED
                  20000068    00000010     (.common:ui32ADC0Value)
                  20000078    00000004     (.common:ui32Period)
                  2000007c    00000004     (.common:ui32TempAvg)
                  20000080    00000004     (.common:ui32TempValueC)
                  20000084    00000004     (.common:ui32TempValueF)

.stack     0    20000000    00000068     UNINITIALIZED
                  20000000    00000004     rtsv7M4_T_le_v4SPD16_eabi.lib : boot_cortex_m.c.obj (.stack)
                  20000004    00000064     --HOLE--

MODULE SUMMARY

       Module                         code   ro data   rw data
       ------                         ----   -------   -------
    .\
       tm4c123gh6pm_startup_ccs.obj   12     620       0      
       Lab5_Task02.obj                400    0         32     
    +--+------------------------------+------+---------+---------+
       Total:                         412    620       32     
                                                              
    C:/ti/tivaware_c_series_2_1_4_178/driverlib/ccs/Debug/driverlib.lib
       sysctl.obj                     574    108       0      
       gpio.obj                       378    0         0      
       adc.obj                        356    0         0      
       interrupt.obj                  120    112       0      
       timer.obj                      140    0         0      
       cpu.obj                        12     0         0      
    +--+------------------------------+------+---------+---------+
       Total:                         1580   220       0      
                                                              
    C:\ti\ccs910\ccs\tools\compiler\ti-cgt-arm_18.12.2.LTS\lib\rtsv7M4_T_le_v4SPD16_eabi.lib
       autoinit.c.obj                 68     0         0      
       boot_cortex_m.c.obj            52     0         0      
       copy_zero_init.c.obj           28     0         0      
       exit.c.obj                     4      0         0      
       pre_init.c.obj                 4      0         0      
    +--+------------------------------+------+---------+---------+
       Total:                         156    0         0      
                                                              
       Stack:                         0      0         104    
       Linker Generated:              0      20        0      
    +--+------------------------------+------+---------+---------+
       Grand Total:                   2148   860       136    


LINKER GENERATED COPY TABLES

__TI_cinit_table @ 00000bbc records: 1, size/record: 8, table size: 8
	.bss: load addr=00000bb0, load size=00000008 bytes, run addr=20000068, run size=00000020 bytes, compression=zero_init


LINKER GENERATED HANDLER TABLE

__TI_handler_table @ 00000bb8 records: 1, size/record: 4, table size: 4
	index: 0, handler: __TI_zero_init


GLOBAL SYMBOLS: SORTED ALPHABETICALLY BY Name 

address   name                          
-------   ----                          
00000a69  ADCHardwareOversampleConfigure
00000aab  ADCIntClear                   
00000a49  ADCIntEnable                  
00000975  ADCIntStatus                  
00000a07  ADCProcessorTrigger           
00000879  ADCSequenceConfigure          
000009cd  ADCSequenceDataGet            
00000a77  ADCSequenceEnable             
00000735  ADCSequenceStepConfigure      
00000ad1  C$$EXIT                       
00000a93  CPUcpsie                      
000009a3  GPIODirModeSet                
000003fd  GPIOPadConfigSet              
00000a1f  GPIOPinTypeGPIOOutput         
00000abd  GPIOPinWrite                  
000007b1  IntEnable                     
00000a59  IntMasterEnable               
00000a9f  ResetISR                      
00000531  SysCtlClockGet                
00000641  SysCtlClockSet                
00000ac3  SysCtlDelay                   
0000090d  SysCtlPeripheralEnable        
0000031f  Timer1AIntHandler             
00000819  TimerConfigure                
00000a85  TimerEnable                   
00000ac9  TimerIntClear                 
00000ab5  TimerIntEnable                
00000a37  TimerLoadSet                  
20000068  __STACK_END                   
00000068  __STACK_SIZE                  
20000200  __STACK_TOP                   
00000bbc  __TI_CINIT_Base               
00000bc4  __TI_CINIT_Limit              
00000bb8  __TI_Handler_Table_Base       
00000bbc  __TI_Handler_Table_Limit      
000008c9  __TI_auto_init_nobinit_nopinit
ffffffff  __TI_pprof_out_hndl           
ffffffff  __TI_prof_data_size           
ffffffff  __TI_prof_data_start          
00000000  __TI_static_base__            
000009eb  __TI_zero_init_nomemset       
ffffffff  __binit__                     
ffffffff  __c_args__                    
UNDEFED   __mpu_init                    
20000000  __stack                       
00000941  _c_int00_noargs               
UNDEFED   _system_post_cinit            
00000acd  _system_pre_init              
00000ad1  abort                         
ffffffff  binit                         
00000000  g_pfnVectors                  
0000026d  main                          
20000068  ui32ADC0Value                 
20000078  ui32Period                    
2000007c  ui32TempAvg                   
20000080  ui32TempValueC                
20000084  ui32TempValueF                


GLOBAL SYMBOLS: SORTED BY Symbol Address 

address   name                          
-------   ----                          
00000000  __TI_static_base__            
00000000  g_pfnVectors                  
00000068  __STACK_SIZE                  
0000026d  main                          
0000031f  Timer1AIntHandler             
000003fd  GPIOPadConfigSet              
00000531  SysCtlClockGet                
00000641  SysCtlClockSet                
00000735  ADCSequenceStepConfigure      
000007b1  IntEnable                     
00000819  TimerConfigure                
00000879  ADCSequenceConfigure          
000008c9  __TI_auto_init_nobinit_nopinit
0000090d  SysCtlPeripheralEnable        
00000941  _c_int00_noargs               
00000975  ADCIntStatus                  
000009a3  GPIODirModeSet                
000009cd  ADCSequenceDataGet            
000009eb  __TI_zero_init_nomemset       
00000a07  ADCProcessorTrigger           
00000a1f  GPIOPinTypeGPIOOutput         
00000a37  TimerLoadSet                  
00000a49  ADCIntEnable                  
00000a59  IntMasterEnable               
00000a69  ADCHardwareOversampleConfigure
00000a77  ADCSequenceEnable             
00000a85  TimerEnable                   
00000a93  CPUcpsie                      
00000a9f  ResetISR                      
00000aab  ADCIntClear                   
00000ab5  TimerIntEnable                
00000abd  GPIOPinWrite                  
00000ac3  SysCtlDelay                   
00000ac9  TimerIntClear                 
00000acd  _system_pre_init              
00000ad1  C$$EXIT                       
00000ad1  abort                         
00000bb8  __TI_Handler_Table_Base       
00000bbc  __TI_CINIT_Base               
00000bbc  __TI_Handler_Table_Limit      
00000bc4  __TI_CINIT_Limit              
20000000  __stack                       
20000068  __STACK_END                   
20000068  ui32ADC0Value                 
20000078  ui32Period                    
2000007c  ui32TempAvg                   
20000080  ui32TempValueC                
20000084  ui32TempValueF                
20000200  __STACK_TOP                   
ffffffff  __TI_pprof_out_hndl           
ffffffff  __TI_prof_data_size           
ffffffff  __TI_prof_data_start          
ffffffff  __binit__                     
ffffffff  __c_args__                    
ffffffff  binit                         
UNDEFED   __mpu_init                    
UNDEFED   _system_post_cinit            

[57 symbols]
