******************************************************************************
                  TI ARM Linker PC v18.12.2                    
******************************************************************************
>> Linked Fri Dec 13 11:15:29 2019

OUTPUT FILE NAME:   <TIRTOS_Project.out>
ENTRY POINT SYMBOL: "_c_int00"  address: 000051d1


MEMORY CONFIGURATION

         name            origin    length      used     unused   attr    fill
----------------------  --------  ---------  --------  --------  ----  --------
  FLASH                 00000000   00040000  000098a4  0003675c  R  X
  SRAM                  20000000   00008000  00004b86  0000347a  RW X


SEGMENT ALLOCATION MAP

run origin  load origin   length   init length attrs members
----------  ----------- ---------- ----------- ----- -------
00000000    00000000    000098b0   000098b0    r-x
  00000000    00000000    0000003c   0000003c    r-- .resetVecs
  00000040    00000040    00006d02   00006d02    r-x .text
  00006d44    00006d44    00002836   00002836    r-- .const
  00009580    00009580    00000330   00000330    r-- .cinit
20000000    20000000    00000360   00000000    rw-
  20000000    20000000    00000360   00000000    rw- .vecs
20000380    20000380    00004828   00000000    rw-
  20000380    20000380    00003c30   00000000    rw- .bss
  20003fb0    20003fb0    000007f6   00000000    rw- .data
  200047a8    200047a8    00000400   00000000    rw- .stack


SECTION ALLOCATION MAP

 output                                  attributes/
section   page    origin      length       input sections
--------  ----  ----------  ----------   ----------------
.text      0    00000040    00006d02     
                  00000040    00000430     sysbios.aem4f : BIOS.obj (.text:ti_sysbios_family_arm_m3_Hwi_excDumpRegs__I)
                  00000470    0000034c     ti.targets.arm.rtsarm.aem4f : System.oem4f (.text:xdc_runtime_System_doPrint__I)
                  000007bc    00000004     driverlib.lib : timer.obj (.text:TimerIntClear)
                  000007c0    0000031c     sysbios.aem4f : BIOS.obj (.text:ti_sysbios_knl_Semaphore_pend__E)
                  00000adc    0000030c     tivac_tirtos.obj (.text:UARTvprintf)
                  00000de8    000001f4     sysbios.aem4f : BIOS.obj (.text:ti_sysbios_family_arm_m3_Hwi_excHandlerMax__I)
                  00000fdc    00000004     rtsv7M4_T_le_v4SPD16_eabi.lib : exit.c.obj (.text:abort:abort)
                  00000fe0    00000178     sysbios.aem4f : BIOS.obj (.text:ti_sysbios_family_arm_lm4_TimestampProvider_get64__E)
                  00001158    00000174                   : BIOS.obj (.text:ti_sysbios_family_arm_m3_Hwi_excBusFault__I)
                  000012cc    00000004     tivac_tirtos_pem4f.oem4f (.text:malloc)
                  000012d0    00000168     sysbios.aem4f : BIOS.obj (.text:ti_sysbios_family_arm_lm4_Timer_start__E)
                  00001438    00000164                   : BIOS.obj (.text:ti_sysbios_family_arm_m3_Hwi_excUsageFault__I)
                  0000159c    00000004     tivac_tirtos_pem4f.oem4f (.text:ti_sysbios_BIOS_RtsGateProxy_enter__E)
                  000015a0    00000148     sysbios.aem4f : BIOS.obj (.text:ti_sysbios_family_arm_m3_Hwi_excMemFault__I)
                  000016e8    00000144     ti.targets.arm.rtsarm.aem4f : HeapStd.oem4f (.text:xdc_runtime_HeapStd_alloc__E)
                  0000182c    00000004     tivac_tirtos_pem4f.oem4f (.text:ti_sysbios_BIOS_RtsGateProxy_leave__E)
                  00001830    00000140     sysbios.aem4f : BIOS.obj (.text:ti_sysbios_knl_Semaphore_post__E)
                  00001970    0000013c                   : BIOS.obj (.text:ti_sysbios_knl_Clock_workFunc__E)
                  00001aac    00000004                   : BIOS.obj (.text:ti_sysbios_family_arm_lm4_Timer_masterEnable__I)
                  00001ab0    00000138                   : BIOS.obj (.text:ti_sysbios_family_arm_m3_Hwi_dispatchC__I)
                  00001be8    00000138     tivac_tirtos_pem4f.oem4f (.text:ti_uia_loggers_LoggerStopMode_writeMemoryRange__E)
                  00001d20    00000136     rtsv7M4_T_le_v4SPD16_eabi.lib : fd_div_t2.asm.obj (.text)
                  00001e56    00000130     driverlib.lib : gpio.obj (.text:GPIOPadConfigSet)
                  00001f86    00000002     rtsv7M4_T_le_v4SPD16_eabi.lib : _lock.c.obj (.text:_nop)
                  00001f88    0000011c     sysbios.aem4f : BIOS.obj (.text:ti_sysbios_knl_Swi_run__I)
                  000020a4    00000118     ti.targets.arm.rtsarm.aem4f : Error.oem4f (.text:xdc_runtime_Error_policyDefault__E)
                  000021bc    00000004     tivac_tirtos_pem4f.oem4f (.text:ti_sysbios_family_arm_m3_TaskSupport_Module__startupDone__S)
                  000021c0    00000110     sysbios.aem4f : BIOS.obj (.text:ti_sysbios_knl_Task_schedule__I)
                  000022d0    0000010c     driverlib.lib : sysctl.obj (.text:SysCtlClockGet)
                  000023dc    0000010c     tivac_tirtos_pem4f.oem4f (.text:ti_uia_loggers_LoggerStopMode_write8__E)
                  000024e8    00000100     tivac_tirtos.obj (.text:ledToggle)
                  000025e8    00000100     Boot.aem4f : Boot_sysctl.oem4f (.text:ti_catalog_arm_cortexm4_tiva_ce_Boot_sysCtlClockSetI__I)
                  000026e8    00000100     ti.targets.arm.rtsarm.aem4f : Core-mem.oem4f (.text:xdc_runtime_Core_createObject__I)
                  000027e8    000000fc     rtsv7M4_T_le_v4SPD16_eabi.lib : fd_mul_t2.asm.obj (.text)
                  000028e4    00000004     tivac_tirtos_pem4f.oem4f (.text:ti_sysbios_knl_Clock_TimerProxy_getMaxTicks__E)
                  000028e8    000000fc     sysbios.aem4f : BIOS.obj (.text:ti_sysbios_knl_Task_postInit__I)
                  000029e4    00000004     tivac_tirtos_pem4f.oem4f (.text:ti_sysbios_knl_Clock_TimerProxy_getPeriod__E)
                  000029e8    000000fc     sysbios.aem4f : BIOS.obj (.text:ti_sysbios_knl_Task_startCore__E)
                  00002ae4    00000004     tivac_tirtos_pem4f.oem4f (.text:ti_sysbios_knl_Queue_destruct)
                  00002ae8    000000f8     sysbios.aem4f : BIOS.obj (.text:ti_sysbios_utils_Load_updateThreadContexts__E)
                  00002be0    000000f8     ti.targets.arm.rtsarm.aem4f : Startup.oem4f (.text:xdc_runtime_Startup_startMods__I)
                  00002cd8    000000f8     tivac_tirtos_pem4f.oem4f (.text:xdc_runtime_System_printfExtend__I)
                  00002dd0    000000f4     sysbios.aem4f : m3_Hwi_asm.obj (.text:ti_sysbios_family_arm_m3_Hwi_dispatch__I)
                  00002ec4    000000f4     tivac_tirtos_pem4f.oem4f (.text:ti_uia_loggers_LoggerStopMode_write4__E)
                  00002fb8    000000f0     driverlib.lib : sysctl.obj (.text:SysCtlClockSet)
                  000030a8    000000e8     tivac_tirtos_pem4f.oem4f (.text:ti_uia_loggers_LoggerStopMode_write1__E)
                  00003190    000000e8     tivac_tirtos_pem4f.oem4f (.text:ti_uia_loggers_LoggerStopMode_write2__E)
                  00003278    000000d8     sysbios.aem4f : BIOS.obj (.text:ti_sysbios_family_arm_lm4_TimestampProvider_get32__E)
                  00003350    000000d8     tivac_tirtos_pem4f.oem4f (.text:ti_uia_loggers_LoggerStopMode_write0__E)
                  00003428    000000d0     sysbios.aem4f : BIOS.obj (.text:ti_sysbios_family_arm_m3_Hwi_Module_startup__E)
                  000034f8    000000cc     ti.targets.arm.rtsarm.aem4f : Core-smem.oem4f (.text:xdc_runtime_Core_constructObject__I)
                  000035c4    000000cc                                 : HeapStd.oem4f (.text:xdc_runtime_HeapStd_Instance_init__E)
                  00003690    000000c8     sysbios.aem4f : BIOS.obj (.text:ti_sysbios_knl_Task_exit__E)
                  00003758    000000c4                   : BIOS.obj (.text:ti_sysbios_utils_Load_logLoads__I)
                  0000381c    00000004     tivac_tirtos_pem4f.oem4f (.text:ti_sysbios_knl_Semaphore_destruct)
                  00003820    000000bc     sysbios.aem4f : BIOS.obj (.text:ti_sysbios_family_arm_m3_Hwi_excDebugMon__I)
                  000038dc    00000004     ti.uia.loggers.aem4f : LoggerStopMode.oem4f (.text:ti_uia_loggers_LoggerStopMode_getContents__E)
                  000038e0    000000bc     sysbios.aem4f : BIOS.obj (.text:ti_sysbios_family_arm_m3_Hwi_excHardFault__I)
                  0000399c    00000004     tivac_tirtos_pem4f.oem4f (.text:ti_uia_loggers_LoggerStopMode_getFilterLevel__E)
                  000039a0    000000bc     sysbios.aem4f : BIOS.obj (.text:ti_sysbios_knl_Task_unblockI__E)
                  00003a5c    00000004     ti.uia.loggers.aem4f : LoggerStopMode.oem4f (.text:ti_uia_loggers_LoggerStopMode_getInstanceId__E)
                  00003a60    000000b4     sysbios.aem4f : BIOS.obj (.text:ti_sysbios_gates_GateMutex_enter__E)
                  00003b14    00000004     ti.uia.loggers.aem4f : LoggerStopMode.oem4f (.text:ti_uia_loggers_LoggerStopMode_getMaxLength__E)
                  00003b18    000000b4     sysbios.aem4f : BIOS.obj (.text:ti_sysbios_knl_Task_checkStacks__E)
                  00003bcc    00000004     ti.uia.loggers.aem4f : LoggerStopMode.oem4f (.text:ti_uia_loggers_LoggerStopMode_getPriority__E)
                  00003bd0    000000b0     sysbios.aem4f : BIOS.obj (.text:ti_sysbios_utils_Load_idleFxn__E)
                  00003c80    000000b0                   : BIOS.obj (.text:ti_sysbios_utils_Load_updateLoads__E)
                  00003d30    000000ac                   : BIOS.obj (.text:ti_sysbios_family_arm_lm4_Timer_enableTiva__I)
                  00003ddc    00000004     ti.uia.loggers.aem4f : LoggerStopMode.oem4f (.text:ti_uia_loggers_LoggerStopMode_getTransferType__E)
                  00003de0    000000ac     sysbios.aem4f : BIOS.obj (.text:ti_sysbios_knl_Swi_post__E)
                  00003e8c    00000004     ti.targets.arm.rtsarm.aem4f : Error.oem4f (.text:xdc_runtime_Error_getSite__E)
                  00003e90    000000a8     sysbios.aem4f : BIOS.obj (.text:ti_sysbios_family_arm_lm4_Timer_enableTimers__I)
                  00003f38    000000a8                   : BIOS.obj (.text:ti_sysbios_knl_Task_blockI__E)
                  00003fe0    000000a8     ti.targets.arm.rtsarm.aem4f : HeapStd.oem4f (.text:xdc_runtime_HeapStd_free__E)
                  00004088    000000a0     auto_init.aem4f : auto_init.oem4f (.text)
                  00004128    000000a0     ti.targets.arm.rtsarm.aem4f : Text.oem4f (.text:xdc_runtime_Text_putMod__E)
                  000041c8    0000009c     rtsv7M4_T_le_v4SPD16_eabi.lib : memcpy_t2.asm.obj (.text)
                  00004264    00000004     ti.targets.arm.rtsarm.aem4f : HeapStd.oem4f (.text:xdc_runtime_HeapStd_isBlocking__E)
                  00004268    0000009c     sysbios.aem4f : BIOS.obj (.text:ti_sysbios_knl_Semaphore_Instance_init__E)
                  00004304    0000009a     ti.targets.arm.rtsarm.aem4f : Text.oem4f (.text:xdc_runtime_Text_putSite__E)
                  0000439e    00000002     tivac_tirtos_pem4f.oem4f (.text:free)
                  000043a0    00000098     Boot.aem4f : Boot.oem4f (.text:ti_catalog_arm_cortexm4_tiva_ce_Boot_sysCtlClockSet__E)
                  00004438    00000094     tivac_tirtos.obj (.text:Timer_ISR)
                  000044cc    00000004     tivac_tirtos_pem4f.oem4f (.text:xdc_runtime_System_Module_GateProxy_enter__E)
                  000044d0    00000094     sysbios.aem4f : BIOS.obj (.text:ti_sysbios_family_arm_m3_Hwi_initNVIC__E)
                  00004564    00000090     tivac_tirtos.obj (.text:changeDutyCycle)
                  000045f4    00000004     tivac_tirtos_pem4f.oem4f (.text:xdc_runtime_System_Module_GateProxy_leave__E)
                  000045f8    00000090     sysbios.aem4f : BIOS.obj (.text:ti_sysbios_knl_Task_Module_startup__E)
                  00004688    00000090                   : BIOS.obj (.text:ti_sysbios_utils_Load_startup__E)
                  00004718    00000090     ti.uia.loggers.aem4f : LoggerStopMode.oem4f (.text:ti_uia_loggers_LoggerStopMode_initQueueDescriptor__E)
                  000047a8    0000008c     sysbios.aem4f : m3_TaskSupport_asm.obj (.text:ti_sysbios_family_arm_m3_TaskSupport_buildTaskStack)
                  00004834    00000088     tivac_tirtos.obj (.text:hardware_init)
                  000048bc    00000080     tivac_tirtos.obj (.text:UARTdisplayADC)
                  0000493c    0000007a     driverlib.lib : adc.obj (.text:ADCSequenceStepConfigure)
                  000049b6    0000007a     rtsv7M4_T_le_v4SPD16_eabi.lib : memset_t2.asm.obj (.text)
                  00004a30    00000074     ti.uia.runtime.aem4f : QueueDescriptor.oem4f (.text:ti_uia_runtime_QueueDescriptor_addToList__E)
                  00004aa4    0000006d     ti.targets.arm.rtsarm.aem4f : System.oem4f (.text:xdc_runtime_System_formatNum__I)
                  00004b11    00000001     --HOLE-- [fill = 0]
                  00004b12    00000006     driverlib.lib : gpio.obj (.text:GPIOPinRead)
                  00004b18    0000006c     sysbios.aem4f : BIOS.obj (.text:ti_sysbios_knl_Swi_restoreHwi__E)
                  00004b84    00000004     ti.targets.arm.rtsarm.aem4f : System.oem4f (.text:xdc_runtime_System_aprintf_va__F)
                  00004b88    0000006c     sysbios.aem4f : BIOS.obj (.text:ti_sysbios_utils_Load_taskCreateHook__E)
                  00004bf4    0000006c     ti.targets.arm.rtsarm.aem4f : Error.oem4f (.text:xdc_runtime_Error_print__E)
                  00004c60    0000006c                                 : Memory.oem4f (.text:xdc_runtime_Memory_alloc__E)
                  00004ccc    00000068     rtsv7M4_T_le_v4SPD16_eabi.lib : copy_decompress_lzss.c.obj (.text:decompress:lzss:__TI_decompress_lzss)
                  00004d34    00000004     ti.targets.arm.rtsarm.aem4f : System.oem4f (.text:xdc_runtime_System_printf_va__F)
                  00004d38    00000068     sysbios.aem4f : BIOS.obj (.text:ti_sysbios_utils_Load_addTask__E)
                  00004da0    00000066     ti.uia.loggers.aem4f : LoggerStopMode.oem4f (.text:ti_uia_loggers_LoggerStopMode_flush__E)
                  00004e06    00000066     ti.targets.arm.rtsarm.aem4f : Core-mem.oem4f (.text:xdc_runtime_Core_deleteObject__I)
                  00004e6c    00000002     rtsv7M4_T_le_v4SPD16_eabi.lib : div0.asm.obj (.text)
                  00004e6e    00000002     tivac_tirtos_pem4f.oem4f (.text:ti_sysbios_BIOS_nullFunc__I)
                  00004e70    00000064     sysbios.aem4f : BIOS.obj (.text:ti_sysbios_family_arm_lm4_Timer_Module_startup__E)
                  00004ed4    00000060     driverlib.lib : timer.obj (.text:TimerConfigure)
                  00004f34    00000002     tivac_tirtos_pem4f.oem4f (.text:ti_uia_loggers_LoggerStopMode_setFilterLevel__E)
                  00004f36    00000002     ti.uia.loggers.aem4f : LoggerStopMode.oem4f (.text:ti_uia_loggers_LoggerStopMode_setPriority__E)
                  00004f38    00000060     sysbios.aem4f : BIOS.obj (.text:ti_sysbios_family_arm_lm4_Timer_isrStub__E)
                  00004f98    00000060                   : BIOS.obj (.text:ti_sysbios_knl_Clock_logTick__E)
                  00004ff8    00000060                   : BIOS.obj (.text:ti_sysbios_utils_Load_logCPULoad__I)
                  00005058    00000060                   : BIOS.obj (.text:ti_sysbios_utils_Load_updateCurrentThreadTime__E)
                  000050b8    0000005c     tivac_tirtos.obj (.text:initADC)
                  00005114    00000002     tivac_tirtos_pem4f.oem4f (.text:xdc_runtime_Startup_reset__I)
                  00005116    00000002     --HOLE-- [fill = 0]
                  00005118    0000005c     sysbios.aem4f : BIOS.obj (.text:ti_sysbios_knl_Swi_schedule__I)
                  00005174    0000005b     ti.targets.arm.rtsarm.aem4f : Text.oem4f (.text:xdc_runtime_Text_putLab__E)
                  000051cf    00000001     --HOLE-- [fill = 0]
                  000051d0    00000058     boot.aem4f : boot.oem4f (.text)
                  00005228    00000058     rtsv7M4_T_le_v4SPD16_eabi.lib : hostwrite.c.obj (.text:HOSTwrite)
                  00005280    00000058     sysbios.aem4f : m3_Hwi_asm_switch.obj (.text:ti_sysbios_family_arm_m3_Hwi_initStacks__E)
                  000052d8    00000058     tivac_tirtos_pem4f.oem4f (.text:xdc_runtime_HeapStd_Object__create__S)
                  00005330    00000054     tivac_tirtos.obj (.text:UARTStdioConfig)
                  00005384    00000004     --HOLE-- [fill = 0]
                  00005388    00000054     sysbios.aem4f : BIOS.obj (.text:ti_sysbios_utils_Load_taskSwitchHook__E)
                  000053dc    00000054     ti.targets.arm.rtsarm.aem4f : Assert.oem4f (.text:xdc_runtime_Assert_raise__I)
                  00005430    00000050     tivac_tirtos.obj (.text:getADC3)
                  00005480    00000050     ti.targets.arm.rtsarm.aem4f : Startup.oem4f (.text:xdc_runtime_Startup_exec__E)
                  000054d0    00000050                                 : Text.oem4f (.text:xdc_runtime_Text_visitRope2__I)
                  00005520    0000004c     tivac_tirtos.obj (.text:InitConsole)
                  0000556c    0000004c     tivac_tirtos.obj (.text:UARTwrite)
                  000055b8    0000004c     rtsv7M4_T_le_v4SPD16_eabi.lib : cpy_tbl.c.obj (.text:copy_in)
                  00005604    00000004     --HOLE-- [fill = 0]
                  00005608    0000004c     sysbios.aem4f : BIOS.obj (.text:ti_sysbios_knl_Swi_runLoop__I)
                  00005654    00000004     --HOLE-- [fill = 0]
                  00005658    0000004c                   : BIOS.obj (.text:ti_sysbios_knl_Task_allBlockedFunction__I)
                  000056a4    0000004c     ti.uia.loggers.aem4f : LoggerStopMode.oem4f (.text:ti_uia_loggers_LoggerStopMode_Module_startup__E)
                  000056f0    00000048     driverlib.lib : gpio.obj (.text:GPIOPinConfigure)
                  00005738    00000048     rtsv7M4_T_le_v4SPD16_eabi.lib : fd_toi_t2.asm.obj (.text)
                  00005780    00000048     sysbios.aem4f : BIOS.obj (.text:ti_sysbios_family_arm_m3_Hwi_disableInterrupt__E)
                  000057c8    00000048                   : BIOS.obj (.text:ti_sysbios_family_arm_m3_Hwi_enableInterrupt__E)
                  00005810    00000048                   : BIOS.obj (.text:ti_sysbios_family_arm_m3_Hwi_excReserved__I)
                  00005858    00000048                   : BIOS.obj (.text:ti_sysbios_utils_Load_taskDeleteHook__E)
                  000058a0    00000046     ti.targets.arm.rtsarm.aem4f : Core-params.oem4f (.text:xdc_runtime_Core_assignParams__I)
                  000058e6    00000002     --HOLE-- [fill = 0]
                  000058e8    00000044     sysbios.aem4f : BIOS.obj (.text:ti_sysbios_family_arm_lm4_Timer_stop__E)
                  0000592c    00000004     --HOLE-- [fill = 0]
                  00005930    00000044                   : BIOS.obj (.text:ti_sysbios_family_arm_m3_Hwi_getStackInfo__E)
                  00005974    00000004     --HOLE-- [fill = 0]
                  00005978    00000044                   : BIOS.obj (.text:ti_sysbios_utils_Load_removeTask__E)
                  000059bc    00000044     ti.uia.loggers.aem4f : LoggerStopMode.oem4f (.text:ti_uia_loggers_LoggerStopMode_initBuffer__I)
                  00005a00    00000044     ti.targets.arm.rtsarm.aem4f : Error.oem4f (.text:xdc_runtime_Error_setX__E)
                  00005a44    00000044                                 : SysMin.oem4f (.text:xdc_runtime_SysMin_flush__E)
                  00005a88    00000044                                 : Text.oem4f (.text:xdc_runtime_Text_xprintf__I)
                  00005acc    00000042     driverlib.lib : uart.obj (.text:UARTConfigSetExpClk)
                  00005b0e    00000040     rtsv7M4_T_le_v4SPD16_eabi.lib : u_divt2.asm.obj (.text)
                  00005b4e    00000002     --HOLE-- [fill = 0]
                  00005b50    00000040     sysbios.aem4f : BIOS.obj (.text:ti_sysbios_family_arm_lm4_Timer_startup__E)
                  00005b90    0000003e     driverlib.lib : adc.obj (.text:ADCSequenceConfigure)
                  00005bce    00000002     --HOLE-- [fill = 0]
                  00005bd0    0000003c     sysbios.aem4f : BIOS.obj (.text:ti_sysbios_family_arm_m3_Hwi_excSvCall__I)
                  00005c0c    00000004     --HOLE-- [fill = 0]
                  00005c10    0000003c                   : BIOS.obj (.text:ti_sysbios_heaps_HeapMem_init__I)
                  00005c4c    00000004     --HOLE-- [fill = 0]
                  00005c50    0000003c                   : BIOS.obj (.text:ti_sysbios_knl_Swi_restore__E)
                  00005c8c    00000038     driverlib.lib : sysctl.obj (.text:SysCtlPeripheralPresent)
                  00005cc4    00000038     rtsv7M4_T_le_v4SPD16_eabi.lib : trgmsg.c.obj (.text:__TI_writemsg)
                  00005cfc    00000038                                   : fs_tod_t2.asm.obj (.text)
                  00005d34    00000004     --HOLE-- [fill = 0]
                  00005d38    00000038     sysbios.aem4f : BIOS.obj (.text:ti_sysbios_family_arm_m3_Hwi_excNoIsr__I)
                  00005d70    00000038                   : BIOS.obj (.text:ti_sysbios_knl_Task_processVitalTaskFlag__I)
                  00005da8    00000038     ti.targets.arm.rtsarm.aem4f : SysMin.oem4f (.text:xdc_runtime_SysMin_putch__E)
                  00005de0    00000038                                 : System.oem4f (.text:xdc_runtime_System_atexit__E)
                  00005e18    00000034     driverlib.lib : sysctl.obj (.text:SysCtlPeripheralEnable)
                  00005e4c    00000034     rtsv7M4_T_le_v4SPD16_eabi.lib : trgmsg.c.obj (.text:__TI_readmsg)
                  00005e80    00000034     sysbios.aem4f : BIOS.obj (.text:ti_sysbios_family_arm_m3_Hwi_excNmi__I)
                  00005eb4    00000004     --HOLE-- [fill = 0]
                  00005eb8    00000034                   : BIOS.obj (.text:ti_sysbios_hal_Hwi_checkStack)
                  00005eec    00000034     ti.uia.loggers.aem4f : LoggerStopMode.oem4f (.text:ti_uia_loggers_LoggerStopMode_reset__E)
                  00005f20    00000034     ti.targets.arm.rtsarm.aem4f : Core-label.oem4f (.text:xdc_runtime_Core_assignLabel__I)
                  00005f54    00000033                                 : Text.oem4f (.text:xdc_runtime_Text_printVisFxn__I)
                  00005f87    00000001     --HOLE-- [fill = 0]
                  00005f88    00000032     sysbios.aem4f : BIOS.obj (.text:ti_sysbios_hal_Hwi_initStack)
                  00005fba    00000006     driverlib.lib : gpio.obj (.text:GPIOPinWrite)
                  00005fc0    00000032     sysbios.aem4f : BIOS.obj (.text:ti_sysbios_knl_Semaphore_pendTimeout__I)
                  00005ff2    00000002     --HOLE-- [fill = 0]
                  00005ff4    00000030     tivac_tirtos_pem4f.oem4f (.text:ti_sysbios_BIOS_atExitFunc__I)
                  00006024    00000004     --HOLE-- [fill = 0]
                  00006028    00000030     sysbios.aem4f : BIOS.obj (.text:ti_sysbios_family_arm_m3_TaskSupport_start__E)
                  00006058    00000030     tivac_tirtos_pem4f.oem4f (.text:ti_sysbios_gates_GateHwi_Object__create__S)
                  00006088    00000030     tivac_tirtos_pem4f.oem4f (.text:ti_sysbios_gates_GateMutex_Object__create__S)
                  000060b8    00000030     tivac_tirtos_pem4f.oem4f (.text:ti_sysbios_knl_Semaphore_construct)
                  000060e8    00000030     tivac_tirtos_pem4f.oem4f (.text:ti_uia_loggers_LoggerStopMode_Object__create__S)
                  00006118    00000030     ti.targets.arm.rtsarm.aem4f : SysMin.oem4f (.text:xdc_runtime_SysMin_abort__E)
                  00006148    00000030                                 : System.oem4f (.text:xdc_runtime_System_processAtExit__E)
                  00006178    0000002e     driverlib.lib : adc.obj (.text:ADCIntStatus)
                  000061a6    00000002     --HOLE-- [fill = 0]
                  000061a8    0000002c     tivac_tirtos_pem4f.oem4f (.text:ti_sysbios_knl_Clock_doTick__I)
                  000061d4    0000002c     tivac_tirtos_pem4f.oem4f (.text:ti_sysbios_knl_Queue_construct)
                  00006200    0000002c     sysbios.aem4f : BIOS.obj (.text:ti_sysbios_knl_Task_restore__E)
                  0000622c    0000002c     ti.targets.arm.rtsarm.aem4f : Text.oem4f (.text:xdc_runtime_Text_cordText__E)
                  00006258    0000002a     driverlib.lib : gpio.obj (.text:GPIODirModeSet)
                  00006282    0000002a     ti.targets.arm.rtsarm.aem4f : System.oem4f (.text:xdc_runtime_System_putchar__I)
                  000062ac    00000028     tivac_tirtos_pem4f.oem4f (.text:ti_sysbios_BIOS_startFunc__I)
                  000062d4    00000004     --HOLE-- [fill = 0]
                  000062d8    00000028     sysbios.aem4f : BIOS.obj (.text:ti_sysbios_knl_Swi_Module_startup__E)
                  00006300    00000026                   : m3_Hwi_asm.obj (.text:ti_sysbios_family_arm_m3_Hwi_pendSV__I)
                  00006326    00000026     ti.targets.arm.rtsarm.aem4f : System.oem4f (.text:xdc_runtime_System_avprintf__E)
                  0000634c    00000024     tivac_tirtos.obj (.text:UARTprintf)
                  00006370    00000024     tivac_tirtos_pem4f.oem4f (.text:ti_sysbios_BIOS_registerRTSLock__I)
                  00006394    00000024     tivac_tirtos_pem4f.oem4f (.text:ti_sysbios_BIOS_removeRTSLock__I)
                  000063b8    00000024     sysbios.aem4f : BIOS.obj (.text:ti_sysbios_family_arm_m3_Hwi_doTaskRestore__I)
                  000063dc    00000024     tivac_tirtos_pem4f.oem4f (.text:ti_sysbios_gates_GateMutex_Object__delete__S)
                  00006400    00000024     sysbios.aem4f : BIOS.obj (.text:ti_sysbios_knl_Clock_Module_startup__E)
                  00006424    00000024     ti.targets.arm.rtsarm.aem4f : System.oem4f (.text:xdc_runtime_System_vprintf__E)
                  00006448    00000022     sysbios.aem4f : BIOS.obj (.text:ti_sysbios_family_arm_lm4_Timer_write__I)
                  0000646a    00000022     tivac_tirtos_pem4f.oem4f (.text:xdc_runtime_SysMin_output__I)
                  0000648c    00000020     tivac_tirtos_pem4f.oem4f (.text:ti_sysbios_BIOS_rtsLock__I)
                  000064ac    00000020     sysbios.aem4f : m3_Hwi_asm.obj (.text:ti_sysbios_family_arm_m3_Hwi_excHandlerAsm__I)
                  000064cc    00000004     --HOLE-- [fill = 0]
                  000064d0    00000020                   : BIOS.obj (.text:ti_sysbios_family_arm_m3_Hwi_excHandler__I)
                  000064f0    00000020     tivac_tirtos_pem4f.oem4f (.text:ti_sysbios_gates_GateHwi_Object__delete__S)
                  00006510    00000020     sysbios.aem4f : BIOS.obj (.text:ti_sysbios_knl_Idle_run__E)
                  00006530    00000020     tivac_tirtos_pem4f.oem4f (.text:ti_sysbios_knl_Semaphore_Object__destruct__S)
                  00006550    00000020     tivac_tirtos_pem4f.oem4f (.text:ti_uia_loggers_LoggerStopMode_Object__delete__S)
                  00006570    00000020     ti.targets.arm.rtsarm.aem4f : Registry.oem4f (.text:xdc_runtime_Registry_findById__E)
                  00006590    00000020                                 : SysMin.oem4f (.text:xdc_runtime_SysMin_Module_startup__E)
                  000065b0    0000001e     driverlib.lib : adc.obj (.text:ADCSequenceDataGet)
                  000065ce    0000001e     tivac_tirtos_pem4f.oem4f (.text:ti_sysbios_BIOS_errorRaiseHook__I)
                  000065ec    0000001e     sysbios.aem4f : m3_Hwi_asm_switch.obj (.text:ti_sysbios_family_xxx_Hwi_switchAndRunFunc)
                  0000660a    00000002     --HOLE-- [fill = 0]
                  0000660c    0000001c     driverlib.lib : uart.obj (.text:UARTDisable)
                  00006628    0000001c     sysbios.aem4f : BIOS.obj (.text:ti_sysbios_gates_GateMutex_Instance_init__E)
                  00006644    0000001c     tivac_tirtos_pem4f.oem4f (.text:ti_sysbios_knl_Queue_Object__destruct__S)
                  00006660    0000001c     sysbios.aem4f : BIOS.obj (.text:ti_sysbios_knl_Task_enter__I)
                  0000667c    0000001c     ti.uia.loggers.aem4f : LoggerStopMode.oem4f (.text:ti_uia_loggers_LoggerStopMode_Instance_init__E)
                  00006698    0000001c     ti.targets.arm.rtsarm.aem4f : Error.oem4f (.text:xdc_runtime_Error_raiseX__E)
                  000066b4    0000001c     tivac_tirtos_pem4f.oem4f (.text:xdc_runtime_HeapStd_Object__delete__S)
                  000066d0    0000001c     ti.targets.arm.rtsarm.aem4f : Memory.oem4f (.text:xdc_runtime_Memory_valloc__E)
                  000066ec    0000001c                                 : SysMin.oem4f (.text:xdc_runtime_SysMin_exit__E)
                  00006708    0000001c                                 : System.oem4f (.text:xdc_runtime_System_abort__E)
                  00006724    0000001a     tivac_tirtos_pem4f.oem4f (.text:ti_sysbios_family_arm_m3_Hwi_Handle__label__S)
                  0000673e    0000001a     tivac_tirtos_pem4f.oem4f (.text:ti_sysbios_gates_GateHwi_Handle__label__S)
                  00006758    0000001a     tivac_tirtos_pem4f.oem4f (.text:ti_sysbios_gates_GateMutex_Handle__label__S)
                  00006772    0000001a     tivac_tirtos_pem4f.oem4f (.text:ti_sysbios_knl_Swi_Handle__label__S)
                  0000678c    0000001a     tivac_tirtos_pem4f.oem4f (.text:ti_sysbios_knl_Task_Handle__label__S)
                  000067a6    0000001a     tivac_tirtos_pem4f.oem4f (.text:ti_uia_loggers_LoggerStopMode_Handle__label__S)
                  000067c0    0000001a     tivac_tirtos_pem4f.oem4f (.text:xdc_runtime_HeapStd_Handle__label__S)
                  000067da    0000001a     tivac_tirtos_pem4f.oem4f (.text:xdc_runtime_System_aprintf__E)
                  000067f4    0000001a     tivac_tirtos_pem4f.oem4f (.text:xdc_runtime_System_printf__E)
                  0000680e    00000018     driverlib.lib : adc.obj (.text:ADCProcessorTrigger)
                  00006826    00000018                   : gpio.obj (.text:GPIOPinTypeGPIOOutput)
                  0000683e    00000002     --HOLE-- [fill = 0]
                  00006840    00000018     rtsv7M4_T_le_v4SPD16_eabi.lib : args_main.c.obj (.text:_args_main)
                  00006858    00000018     tivac_tirtos_pem4f.oem4f (.text:ti_sysbios_BIOS_rtsUnlock__I)
                  00006870    00000018     tivac_tirtos_pem4f.oem4f (.text:ti_sysbios_family_arm_lm4_Timer_Module__startupDone__F)
                  00006888    00000018     tivac_tirtos_pem4f.oem4f (.text:ti_sysbios_family_arm_m3_Hwi_Module__startupDone__F)
                  000068a0    00000018     sysbios.aem4f : m3_TaskSupport_asm.obj (.text:ti_sysbios_family_arm_m3_TaskSupport_swap__E)
                  000068b8    00000018                   : BIOS.obj (.text:ti_sysbios_gates_GateMutex_leave__E)
                  000068d0    00000018     ti.targets.arm.rtsarm.aem4f : Error.oem4f (.text:xdc_runtime_Error_check__E)
                  000068e8    00000018                                 : System.oem4f (.text:xdc_runtime_System_exit__E)
                  00006900    00000018                                 : Text.oem4f (.text:xdc_runtime_Text_ropeText__E)
                  00006918    00000016     tivac_tirtos_pem4f.oem4f (.text:ti_sysbios_BIOS_exitFunc__I)
                  0000692e    00000016     ti.uia.loggers.aem4f : LoggerStopMode.oem4f (.text:ti_uia_loggers_LoggerStopMode_disable__E)
                  00006944    00000016                          : LoggerStopMode.oem4f (.text:ti_uia_loggers_LoggerStopMode_enable__E)
                  0000695a    00000014     driverlib.lib : uart.obj (.text:UARTEnable)
                  0000696e    00000014     tivac_tirtos.obj (.text:main)
                  00006982    00000014     rtsv7M4_T_le_v4SPD16_eabi.lib : strlen.c.obj (.text:strlen)
                  00006996    00000002     --HOLE-- [fill = 0]
                  00006998    00000014     tivac_tirtos_pem4f.oem4f (.text:ti_sysbios_family_arm_m3_Hwi_Object__get__S)
                  000069ac    00000004     --HOLE-- [fill = 0]
                  000069b0    00000014     sysbios.aem4f : BIOS.obj (.text:ti_sysbios_family_arm_m3_Hwi_switchFromBootStack__E)
                  000069c4    00000014     tivac_tirtos_pem4f.oem4f (.text:ti_sysbios_knl_Swi_Object__get__S)
                  000069d8    00000014     tivac_tirtos_pem4f.oem4f (.text:ti_sysbios_knl_Task_Object__get__S)
                  000069ec    00000012     driverlib.lib : gpio.obj (.text:GPIOPinTypeADC)
                  000069fe    00000012                   : gpio.obj (.text:GPIOPinTypeGPIOInput)
                  00006a10    00000012                   : gpio.obj (.text:GPIOPinTypeUART)
                  00006a22    00000012                   : timer.obj (.text:TimerLoadSet)
                  00006a34    00000004     --HOLE-- [fill = 0]
                  00006a38    00000012     sysbios.aem4f : BIOS.obj (.text:ti_sysbios_hal_Hwi_Module_startup__E)
                  00006a4a    00000012     tivac_tirtos_pem4f.oem4f (.text:xdc_runtime_Startup_exec__I)
                  00006a5c    00000004     --HOLE-- [fill = 0]
                  00006a60    00000010     sysbios.aem4f : BIOS.obj (.text:ti_sysbios_BIOS_getCpuFreq__E)
                  00006a70    00000010                   : BIOS.obj (.text:ti_sysbios_BIOS_setThreadType__E)
                  00006a80    00000010                   : BIOS.obj (.text:ti_sysbios_BIOS_start__E)
                  00006a90    00000010                   : BIOS.obj (.text:ti_sysbios_family_arm_lm4_TimestampProvider_rolloverFunc__E)
                  00006aa0    00000010                   : m3_TaskSupport_asm.obj (.text:ti_sysbios_family_arm_m3_TaskSupport_glue)
                  00006ab0    00000010                   : BIOS.obj (.text:ti_sysbios_gates_GateMutex_Instance_finalize__E)
                  00006ac0    00000010     tivac_tirtos_pem4f.oem4f (.text:ti_sysbios_heaps_HeapMem_Object__get__S)
                  00006ad0    00000010     sysbios.aem4f : BIOS.obj (.text:ti_sysbios_knl_Semaphore_Instance_finalize__E)
                  00006ae0    00000010                   : BIOS.obj (.text:ti_sysbios_knl_Swi_disable__E)
                  00006af0    00000010                   : BIOS.obj (.text:ti_sysbios_knl_Task_disable__E)
                  00006b00    00000010     tivac_tirtos_pem4f.oem4f (.text:ti_uia_loggers_LoggerStopMode_Object__get__S)
                  00006b10    00000010     ti.uia.loggers.aem4f : LoggerStopMode.oem4f (.text:ti_uia_loggers_LoggerStopMode_isEmpty__E)
                  00006b20    00000010     ti.targets.arm.rtsarm.aem4f : Gate.oem4f (.text:xdc_runtime_Gate_leaveSystem__E)
                  00006b30    00000010                                 : Memory.oem4f (.text:xdc_runtime_Memory_free__E)
                  00006b40    00000010                                 : SysMin.oem4f (.text:xdc_runtime_SysMin_ready__E)
                  00006b50    00000010                                 : System.oem4f (.text:xdc_runtime_System_vsnprintf__E)
                  00006b60    00000010     tivac_tirtos_pem4f.oem4f (.text:xdc_runtime_Text_visitRope__I)
                  00006b70    0000000e     driverlib.lib : adc.obj (.text:ADCSequenceEnable)
                  00006b7e    0000000e                   : timer.obj (.text:TimerEnable)
                  00006b8c    0000000e     rtsv7M4_T_le_v4SPD16_eabi.lib : copy_decompress_none.c.obj (.text:decompress:none:__TI_decompress_none)
                  00006b9a    00000006     driverlib.lib : sysctl.obj (.text:SysCtlDelay)
                  00006ba0    0000000e     sysbios.aem4f : BIOS.obj (.text:ti_sysbios_knl_Idle_loop__E)
                  00006bae    00000002     --HOLE-- [fill = 0]
                  00006bb0    0000000e                   : BIOS.obj (.text:ti_sysbios_knl_Queue_empty__E)
                  00006bbe    0000000e     ti.targets.arm.rtsarm.aem4f : HeapStd.oem4f (.text:xdc_runtime_HeapStd_getStats__E)
                  00006bcc    0000000c     tivac_tirtos_pem4f.oem4f (.text:.bootCodeSection:ti_catalog_arm_cortexm4_tiva_ce_Boot_init__I)
                  00006bd8    0000000c     rtsv7M4_T_le_v4SPD16_eabi.lib : _lock.c.obj (.text:_register_lock)
                  00006be4    0000000c                                   : _lock.c.obj (.text:_register_unlock)
                  00006bf0    0000000c                                   : copy_zero_init.c.obj (.text:decompress:ZI:__TI_zero_init)
                  00006bfc    00000004     --HOLE-- [fill = 0]
                  00006c00    0000000c     sysbios.aem4f : BIOS.obj (.text:ti_sysbios_family_arm_lm4_Timer_getMaxTicks__E)
                  00006c0c    00000004     --HOLE-- [fill = 0]
                  00006c10    0000000c                   : BIOS.obj (.text:ti_sysbios_family_arm_lm4_TimestampProvider_startTimer__E)
                  00006c1c    00000004     --HOLE-- [fill = 0]
                  00006c20    0000000c                   : BIOS.obj (.text:ti_sysbios_family_arm_m3_Hwi_disableFxn__E)
                  00006c2c    00000004     --HOLE-- [fill = 0]
                  00006c30    0000000c                   : BIOS.obj (.text:ti_sysbios_family_arm_m3_TaskSupport_checkStack__E)
                  00006c3c    00000004     --HOLE-- [fill = 0]
                  00006c40    0000000c                   : BIOS.obj (.text:ti_sysbios_gates_GateHwi_enter__E)
                  00006c4c    0000000c     tivac_tirtos_pem4f.oem4f (.text:ti_sysbios_knl_Queue_Object__get__S)
                  00006c58    0000000c     sysbios.aem4f : BIOS.obj (.text:ti_sysbios_utils_Load_taskRegHook__E)
                  00006c64    0000000c     ti.targets.arm.rtsarm.aem4f : Error.oem4f (.text:xdc_runtime_Error_init__E)
                  00006c70    0000000c                                 : Gate.oem4f (.text:xdc_runtime_Gate_enterSystem__E)
                  00006c7c    0000000c                                 : Memory.oem4f (.text:xdc_runtime_Memory_calloc__E)
                  00006c88    0000000c                                 : Memory.oem4f (.text:xdc_runtime_Memory_getMaxDefaultTypeAlign__E)
                  00006c94    0000000a     driverlib.lib : adc.obj (.text:ADCIntClear)
                  00006c9e    0000000a                   : uart.obj (.text:UARTCharPut)
                  00006ca8    0000000a     tivac_tirtos_pem4f.oem4f (.text:xdc_runtime_IHeap_alloc)
                  00006cb2    0000000a     tivac_tirtos_pem4f.oem4f (.text:xdc_runtime_IHeap_free)
                  00006cbc    00000008     driverlib.lib : timer.obj (.text:TimerIntEnable)
                  00006cc4    00000008     sysbios.aem4f : BIOS.obj (.text:ti_sysbios_family_arm_lm4_Timer_masterDisable__I)
                  00006ccc    00000004     --HOLE-- [fill = 0]
                  00006cd0    00000008                   : BIOS.obj (.text:ti_sysbios_family_arm_m3_Hwi_doSwiRestore__I)
                  00006cd8    00000008                   : BIOS.obj (.text:ti_sysbios_family_arm_m3_Hwi_startup__E)
                  00006ce0    00000006     driverlib.lib : uart.obj (.text:UARTClockSourceSet)
                  00006ce6    00000006     Boot.aem4f : Boot_sysctl.oem4f (.text:ti_catalog_arm_cortexm4_tiva_ce_Boot_sysCtlDelayI__I)
                  00006cec    00000004     --HOLE-- [fill = 0]
                  00006cf0    00000006     sysbios.aem4f : BIOS.obj (.text:ti_sysbios_family_arm_lm4_TimestampProvider_Module_startup__E)
                  00006cf6    00000002     --HOLE-- [fill = 0]
                  00006cf8    00000006                   : BIOS.obj (.text:ti_sysbios_family_arm_m3_Hwi_restoreFxn__E)
                  00006cfe    00000002     --HOLE-- [fill = 0]
                  00006d00    00000006                   : BIOS.obj (.text:ti_sysbios_gates_GateHwi_leave__E)
                  00006d06    00000002     --HOLE-- [fill = 0]
                  00006d08    00000006                   : BIOS.obj (.text:ti_sysbios_knl_Queue_Instance_init__E)
                  00006d0e    00000002     --HOLE-- [fill = 0]
                  00006d10    00000006                   : BIOS.obj (.text:ti_sysbios_knl_Swi_startup__E)
                  00006d16    00000006     ti.targets.arm.rtsarm.aem4f : System.oem4f (.text:xdc_runtime_System_Module_startup__E)
                  00006d1c    00000004     --HOLE-- [fill = 0]
                  00006d20    00000004     sysbios.aem4f : BIOS.obj (.text:ti_sysbios_family_arm_lm4_Timer_getPeriod__E)
                  00006d24    00000004     --HOLE-- [fill = 0]
                  00006d28    00000004                   : BIOS.obj (.text:ti_sysbios_gates_GateHwi_query__E)
                  00006d2c    00000004     --HOLE-- [fill = 0]
                  00006d30    00000004                   : BIOS.obj (.text:ti_sysbios_gates_GateMutex_query__E)
                  00006d34    00000004     --HOLE-- [fill = 0]
                  00006d38    00000004                   : BIOS.obj (.text:ti_sysbios_knl_Task_startup__E)
                  00006d3c    00000004     --HOLE-- [fill = 0]
                  00006d40    00000002                   : BIOS.obj (.text:ti_sysbios_gates_GateHwi_Instance_init__E)

.const     0    00006d44    00002836     
                  00006d44    0000200f     tivac_tirtos_pem4f.oem4f (.const:xdc_runtime_Text_charTab__A)
                  00008d53    00000001     tivac_tirtos_pem4f.oem4f (.const:xdc_runtime_Error_policy__C)
                  00008d54    00000108     tivac_tirtos_pem4f.oem4f (.const:xdc_runtime_Text_nodeTab__A)
                  00008e5c    00000090     driverlib.lib : gpio.obj (.const:g_pui32GPIOBaseAddrs)
                  00008eec    0000006c                   : sysctl.obj (.const:g_pui32Xtals)
                  00008f58    00000060     tivac_tirtos_pem4f.oem4f (.const:ti_uia_loggers_LoggerStopMode_Module__FXNS__C)
                  00008fb8    00000048     tivac_tirtos_pem4f.oem4f (.const:.string)
                  00009000    00000028     tivac_tirtos_pem4f.oem4f (.const:ti_uia_loggers_LoggerStopMode_Object__PARAMS__C)
                  00009028    00000028     tivac_tirtos_pem4f.oem4f (.const:xdc_runtime_HeapStd_Module__FXNS__C)
                  00009050    00000028     tivac_tirtos_pem4f.oem4f (.const:xdc_runtime_Startup_sfxnTab__A)
                  00009078    00000024     tivac_tirtos_pem4f.oem4f (.const:ti_sysbios_gates_GateHwi_Module__FXNS__C)
                  0000909c    00000024     tivac_tirtos_pem4f.oem4f (.const:ti_sysbios_gates_GateMutex_Module__FXNS__C)
                  000090c0    00000024     tivac_tirtos_pem4f.oem4f (.const:ti_sysbios_knl_Semaphore_Object__PARAMS__C)
                  000090e4    00000024     tivac_tirtos_pem4f.oem4f (.const)
                  00009108    00000020     tivac_tirtos_pem4f.oem4f (.const:ti_sysbios_gates_GateHwi_Object__DESC__C)
                  00009128    00000020     tivac_tirtos_pem4f.oem4f (.const:ti_sysbios_gates_GateMutex_Object__DESC__C)
                  00009148    00000020     tivac_tirtos_pem4f.oem4f (.const:ti_sysbios_knl_Queue_Object__DESC__C)
                  00009168    00000020     tivac_tirtos_pem4f.oem4f (.const:ti_sysbios_knl_Semaphore_Object__DESC__C)
                  00009188    00000020     tivac_tirtos_pem4f.oem4f (.const:ti_uia_loggers_LoggerStopMode_Object__DESC__C)
                  000091a8    00000020     tivac_tirtos_pem4f.oem4f (.const:xdc_runtime_HeapStd_Object__DESC__C)
                  000091c8    0000001c     tivac_tirtos_pem4f.oem4f (.const:xdc_runtime_HeapStd_Object__PARAMS__C)
                  000091e4    00000018     tivac_tirtos_pem4f.oem4f (.const:ti_sysbios_gates_GateHwi_Object__PARAMS__C)
                  000091fc    00000018     tivac_tirtos_pem4f.oem4f (.const:ti_sysbios_gates_GateMutex_Object__PARAMS__C)
                  00009214    00000018     tivac_tirtos_pem4f.oem4f (.const:ti_sysbios_knl_Queue_Object__PARAMS__C)
                  0000922c    00000018     tivac_tirtos_pem4f.oem4f (.const:ti_sysbios_knl_Task_hooks__A)
                  00009244    00000014     tivac_tirtos_pem4f.oem4f (.const:xdc_runtime_Startup_firstFxns__A)
                  00009258    00000014     tivac_tirtos_pem4f.oem4f (.const:xdc_runtime_Startup_sfxnRts__A)
                  0000926c    00000012     tivac_tirtos.obj (.const:.string)
                  0000927e    00000002     tivac_tirtos_pem4f.oem4f (.const:ti_catalog_arm_cortexm4_tiva_ce_Boot_Module__id__C)
                  00009280    0000000c     tivac_tirtos.obj (.const:g_ui32UARTBase)
                  0000928c    0000000c     tivac_tirtos.obj (.const:g_ui32UARTPeriph)
                  00009298    00000008     tivac_tirtos_pem4f.oem4f (.const:ti_sysbios_family_arm_m3_Hwi_excHookFuncs__A)
                  000092a0    00000008     tivac_tirtos_pem4f.oem4f (.const:ti_sysbios_knl_Idle_funcList__A)
                  000092a8    00000008     tivac_tirtos_pem4f.oem4f (.const:ti_sysbios_knl_Idle_funcList__C)
                  000092b0    00000008     tivac_tirtos_pem4f.oem4f (.const:ti_sysbios_knl_Task_hooks__C)
                  000092b8    00000008     tivac_tirtos_pem4f.oem4f (.const:xdc_runtime_Startup_firstFxns__C)
                  000092c0    00000008     tivac_tirtos_pem4f.oem4f (.const:xdc_runtime_Startup_lastFxns__C)
                  000092c8    00000004     tivac_tirtos_pem4f.oem4f (.const:ti_catalog_arm_cortexm4_tiva_ce_Boot_A_mustUseEnhancedClockMode__C)
                  000092cc    00000004     tivac_tirtos_pem4f.oem4f (.const:ti_catalog_arm_cortexm4_tiva_ce_Boot_Module__diagsEnabled__C)
                  000092d0    00000004     tivac_tirtos_pem4f.oem4f (.const:ti_catalog_arm_cortexm4_tiva_ce_Boot_Module__diagsIncluded__C)
                  000092d4    00000004     tivac_tirtos_pem4f.oem4f (.const:ti_catalog_arm_cortexm4_tiva_ce_Boot_Module__diagsMask__C)
                  000092d8    00000004     tivac_tirtos_pem4f.oem4f (.const:ti_sysbios_family_arm_lm4_Timer_enableFunc__C)
                  000092dc    00000004     tivac_tirtos_pem4f.oem4f (.const:ti_sysbios_family_arm_lm4_Timer_numTimerDevices__C)
                  000092e0    00000004     tivac_tirtos_pem4f.oem4f (.const:ti_sysbios_family_arm_lm4_Timer_startupNeeded__C)
                  000092e4    00000004     tivac_tirtos_pem4f.oem4f (.const:ti_sysbios_family_arm_m3_Hwi_E_NMI__C)
                  000092e8    00000004     tivac_tirtos_pem4f.oem4f (.const:ti_sysbios_family_arm_m3_Hwi_E_busFault__C)
                  000092ec    00000004     tivac_tirtos_pem4f.oem4f (.const:ti_sysbios_family_arm_m3_Hwi_E_debugMon__C)
                  000092f0    00000004     tivac_tirtos_pem4f.oem4f (.const:ti_sysbios_family_arm_m3_Hwi_E_hardFault__C)
                  000092f4    00000004     tivac_tirtos_pem4f.oem4f (.const:ti_sysbios_family_arm_m3_Hwi_E_memFault__C)
                  000092f8    00000004     tivac_tirtos_pem4f.oem4f (.const:ti_sysbios_family_arm_m3_Hwi_E_noIsr__C)
                  000092fc    00000004     tivac_tirtos_pem4f.oem4f (.const:ti_sysbios_family_arm_m3_Hwi_E_reserved__C)
                  00009300    00000004     tivac_tirtos_pem4f.oem4f (.const:ti_sysbios_family_arm_m3_Hwi_E_svCall__C)
                  00009304    00000004     tivac_tirtos_pem4f.oem4f (.const:ti_sysbios_family_arm_m3_Hwi_E_usageFault__C)
                  00009308    00000004     tivac_tirtos_pem4f.oem4f (.const:ti_sysbios_family_arm_m3_Hwi_LD_end__C)
                  0000930c    00000004     tivac_tirtos_pem4f.oem4f (.const:ti_sysbios_family_arm_m3_Hwi_LM_begin__C)
                  00009310    00000004     tivac_tirtos_pem4f.oem4f (.const:ti_sysbios_family_arm_m3_Hwi_Module__diagsEnabled__C)
                  00009314    00000004     tivac_tirtos_pem4f.oem4f (.const:ti_sysbios_family_arm_m3_Hwi_Module__diagsIncluded__C)
                  00009318    00000004     tivac_tirtos_pem4f.oem4f (.const:ti_sysbios_family_arm_m3_Hwi_Module__diagsMask__C)
                  0000931c    00000004     tivac_tirtos_pem4f.oem4f (.const:ti_sysbios_family_arm_m3_Hwi_Module__loggerFxn1__C)
                  00009320    00000004     tivac_tirtos_pem4f.oem4f (.const:ti_sysbios_family_arm_m3_Hwi_Module__loggerFxn8__C)
                  00009324    00000004     tivac_tirtos_pem4f.oem4f (.const:ti_sysbios_family_arm_m3_Hwi_Module__loggerObj__C)
                  00009328    00000004     tivac_tirtos_pem4f.oem4f (.const:ti_sysbios_family_arm_m3_Hwi_NUM_INTERRUPTS__C)
                  0000932c    00000004     tivac_tirtos_pem4f.oem4f (.const:ti_sysbios_family_arm_m3_Hwi_Object__count__C)
                  00009330    00000004     tivac_tirtos_pem4f.oem4f (.const:ti_sysbios_family_arm_m3_Hwi_ccr__C)
                  00009334    00000004     tivac_tirtos_pem4f.oem4f (.const:ti_sysbios_family_arm_m3_Hwi_excHandlerFunc__C)
                  00009338    00000004     tivac_tirtos_pem4f.oem4f (.const:ti_sysbios_family_arm_m3_Hwi_excHookFuncs__C)
                  0000933c    00000004     tivac_tirtos_pem4f.oem4f (.const:ti_sysbios_family_arm_m3_Hwi_nullIsrFunc__C)
                  00009340    00000004     tivac_tirtos_pem4f.oem4f (.const:ti_sysbios_family_arm_m3_Hwi_priGroup__C)
                  00009344    00000004     tivac_tirtos_pem4f.oem4f (.const:ti_sysbios_gates_GateMutex_A_badContext__C)
                  00009348    00000004     tivac_tirtos_pem4f.oem4f (.const:ti_sysbios_gates_GateMutex_Instance_State_sem__O)
                  0000934c    00000004     tivac_tirtos_pem4f.oem4f (.const:ti_sysbios_gates_GateMutex_Module__diagsEnabled__C)
                  00009350    00000004     tivac_tirtos_pem4f.oem4f (.const:ti_sysbios_gates_GateMutex_Module__diagsIncluded__C)
                  00009354    00000004     tivac_tirtos_pem4f.oem4f (.const:ti_sysbios_gates_GateMutex_Module__diagsMask__C)
                  00009358    00000004     tivac_tirtos_pem4f.oem4f (.const:ti_sysbios_hal_Hwi_E_stackOverflow__C)
                  0000935c    00000004     tivac_tirtos_pem4f.oem4f (.const:ti_sysbios_heaps_HeapMem_Object__count__C)
                  00009360    00000004     tivac_tirtos_pem4f.oem4f (.const:ti_sysbios_knl_Clock_LM_begin__C)
                  00009364    00000004     tivac_tirtos_pem4f.oem4f (.const:ti_sysbios_knl_Clock_LM_tick__C)
                  00009368    00000004     tivac_tirtos_pem4f.oem4f (.const:ti_sysbios_knl_Clock_LW_delayed__C)
                  0000936c    00000004     tivac_tirtos_pem4f.oem4f (.const:ti_sysbios_knl_Clock_Module_State_clockQ__O)
                  00009370    00000004     tivac_tirtos_pem4f.oem4f (.const:ti_sysbios_knl_Clock_Module__diagsEnabled__C)
                  00009374    00000004     tivac_tirtos_pem4f.oem4f (.const:ti_sysbios_knl_Clock_Module__diagsIncluded__C)
                  00009378    00000004     tivac_tirtos_pem4f.oem4f (.const:ti_sysbios_knl_Clock_Module__diagsMask__C)
                  0000937c    00000004     tivac_tirtos_pem4f.oem4f (.const:ti_sysbios_knl_Clock_Module__loggerFxn1__C)
                  00009380    00000004     tivac_tirtos_pem4f.oem4f (.const:ti_sysbios_knl_Clock_Module__loggerFxn2__C)
                  00009384    00000004     tivac_tirtos_pem4f.oem4f (.const:ti_sysbios_knl_Clock_Module__loggerObj__C)
                  00009388    00000004     tivac_tirtos_pem4f.oem4f (.const:ti_sysbios_knl_Semaphore_A_badContext__C)
                  0000938c    00000004     tivac_tirtos_pem4f.oem4f (.const:ti_sysbios_knl_Semaphore_A_noEvents__C)
                  00009390    00000004     tivac_tirtos_pem4f.oem4f (.const:ti_sysbios_knl_Semaphore_A_overflow__C)
                  00009394    00000004     tivac_tirtos_pem4f.oem4f (.const:ti_sysbios_knl_Semaphore_A_pendTaskDisabled__C)
                  00009398    00000004     tivac_tirtos_pem4f.oem4f (.const:ti_sysbios_knl_Semaphore_Instance_State_pendQ__O)
                  0000939c    00000004     tivac_tirtos_pem4f.oem4f (.const:ti_sysbios_knl_Semaphore_LM_pend__C)
                  000093a0    00000004     tivac_tirtos_pem4f.oem4f (.const:ti_sysbios_knl_Semaphore_LM_post__C)
                  000093a4    00000004     tivac_tirtos_pem4f.oem4f (.const:ti_sysbios_knl_Semaphore_Module__diagsEnabled__C)
                  000093a8    00000004     tivac_tirtos_pem4f.oem4f (.const:ti_sysbios_knl_Semaphore_Module__diagsIncluded__C)
                  000093ac    00000004     tivac_tirtos_pem4f.oem4f (.const:ti_sysbios_knl_Semaphore_Module__diagsMask__C)
                  000093b0    00000004     tivac_tirtos_pem4f.oem4f (.const:ti_sysbios_knl_Semaphore_Module__loggerFxn2__C)
                  000093b4    00000004     tivac_tirtos_pem4f.oem4f (.const:ti_sysbios_knl_Semaphore_Module__loggerFxn4__C)
                  000093b8    00000004     tivac_tirtos_pem4f.oem4f (.const:ti_sysbios_knl_Semaphore_Module__loggerObj__C)
                  000093bc    00000004     tivac_tirtos_pem4f.oem4f (.const:ti_sysbios_knl_Swi_LD_end__C)
                  000093c0    00000004     tivac_tirtos_pem4f.oem4f (.const:ti_sysbios_knl_Swi_LM_begin__C)
                  000093c4    00000004     tivac_tirtos_pem4f.oem4f (.const:ti_sysbios_knl_Swi_LM_post__C)
                  000093c8    00000004     tivac_tirtos_pem4f.oem4f (.const:ti_sysbios_knl_Swi_Module__diagsEnabled__C)
                  000093cc    00000004     tivac_tirtos_pem4f.oem4f (.const:ti_sysbios_knl_Swi_Module__diagsIncluded__C)
                  000093d0    00000004     tivac_tirtos_pem4f.oem4f (.const:ti_sysbios_knl_Swi_Module__diagsMask__C)
                  000093d4    00000004     tivac_tirtos_pem4f.oem4f (.const:ti_sysbios_knl_Swi_Module__loggerFxn1__C)
                  000093d8    00000004     tivac_tirtos_pem4f.oem4f (.const:ti_sysbios_knl_Swi_Module__loggerFxn4__C)
                  000093dc    00000004     tivac_tirtos_pem4f.oem4f (.const:ti_sysbios_knl_Swi_Module__loggerObj__C)
                  000093e0    00000004     tivac_tirtos_pem4f.oem4f (.const:ti_sysbios_knl_Swi_Object__count__C)
                  000093e4    00000004     tivac_tirtos_pem4f.oem4f (.const:ti_sysbios_knl_Task_E_spOutOfBounds__C)
                  000093e8    00000004     tivac_tirtos_pem4f.oem4f (.const:ti_sysbios_knl_Task_E_stackOverflow__C)
                  000093ec    00000004     tivac_tirtos_pem4f.oem4f (.const:ti_sysbios_knl_Task_LD_block__C)
                  000093f0    00000004     tivac_tirtos_pem4f.oem4f (.const:ti_sysbios_knl_Task_LD_exit__C)
                  000093f4    00000004     tivac_tirtos_pem4f.oem4f (.const:ti_sysbios_knl_Task_LD_ready__C)
                  000093f8    00000004     tivac_tirtos_pem4f.oem4f (.const:ti_sysbios_knl_Task_LM_switch__C)
                  000093fc    00000004     tivac_tirtos_pem4f.oem4f (.const:ti_sysbios_knl_Task_Module_State_inactiveQ__O)
                  00009400    00000004     tivac_tirtos_pem4f.oem4f (.const:ti_sysbios_knl_Task_Module__diagsEnabled__C)
                  00009404    00000004     tivac_tirtos_pem4f.oem4f (.const:ti_sysbios_knl_Task_Module__diagsIncluded__C)
                  00009408    00000004     tivac_tirtos_pem4f.oem4f (.const:ti_sysbios_knl_Task_Module__diagsMask__C)
                  0000940c    00000004     tivac_tirtos_pem4f.oem4f (.const:ti_sysbios_knl_Task_Module__loggerFxn2__C)
                  00009410    00000004     tivac_tirtos_pem4f.oem4f (.const:ti_sysbios_knl_Task_Module__loggerFxn4__C)
                  00009414    00000004     tivac_tirtos_pem4f.oem4f (.const:ti_sysbios_knl_Task_Module__loggerObj__C)
                  00009418    00000004     tivac_tirtos_pem4f.oem4f (.const:ti_sysbios_knl_Task_Object__count__C)
                  0000941c    00000004     tivac_tirtos_pem4f.oem4f (.const:ti_sysbios_knl_Task_Object__heap__C)
                  00009420    00000004     tivac_tirtos_pem4f.oem4f (.const:ti_sysbios_knl_Task_allBlockedFunc__C)
                  00009424    00000004     tivac_tirtos_pem4f.oem4f (.const:ti_sysbios_knl_Task_numConstructedTasks__C)
                  00009428    00000004     tivac_tirtos_pem4f.oem4f (.const:ti_sysbios_utils_Load_LS_cpuLoad__C)
                  0000942c    00000004     tivac_tirtos_pem4f.oem4f (.const:ti_sysbios_utils_Load_LS_taskLoad__C)
                  00009430    00000004     tivac_tirtos_pem4f.oem4f (.const:ti_sysbios_utils_Load_Module_State_taskList__O)
                  00009434    00000004     tivac_tirtos_pem4f.oem4f (.const:ti_sysbios_utils_Load_Module__diagsEnabled__C)
                  00009438    00000004     tivac_tirtos_pem4f.oem4f (.const:ti_sysbios_utils_Load_Module__diagsIncluded__C)
                  0000943c    00000004     tivac_tirtos_pem4f.oem4f (.const:ti_sysbios_utils_Load_Module__diagsMask__C)
                  00009440    00000004     tivac_tirtos_pem4f.oem4f (.const:ti_sysbios_utils_Load_Module__loggerFxn1__C)
                  00009444    00000004     tivac_tirtos_pem4f.oem4f (.const:ti_sysbios_utils_Load_Module__loggerFxn4__C)
                  00009448    00000004     tivac_tirtos_pem4f.oem4f (.const:ti_sysbios_utils_Load_Module__loggerObj__C)
                  0000944c    00000004     tivac_tirtos_pem4f.oem4f (.const:ti_sysbios_utils_Load_postUpdate__C)
                  00009450    00000004     tivac_tirtos_pem4f.oem4f (.const:ti_sysbios_utils_Load_windowInMs__C)
                  00009454    00000004     tivac_tirtos_pem4f.oem4f (.const:ti_uia_loggers_LoggerStopMode_Module__diagsEnabled__C)
                  00009458    00000004     tivac_tirtos_pem4f.oem4f (.const:ti_uia_loggers_LoggerStopMode_Module__diagsIncluded__C)
                  0000945c    00000004     tivac_tirtos_pem4f.oem4f (.const:ti_uia_loggers_LoggerStopMode_Module__diagsMask__C)
                  00009460    00000004     tivac_tirtos_pem4f.oem4f (.const:ti_uia_loggers_LoggerStopMode_Object__count__C)
                  00009464    00000004     tivac_tirtos_pem4f.oem4f (.const:ti_uia_runtime_ILoggerSnapshot_Interface__BASE__C)
                  00009468    00000004     tivac_tirtos_pem4f.oem4f (.const:ti_uia_runtime_IUIATransfer_Interface__BASE__C)
                  0000946c    00000004     tivac_tirtos.obj (.const)
                  00009470    00000004     tivac_tirtos_pem4f.oem4f (.const:xdc_runtime_Assert_E_assertFailed__C)
                  00009474    00000004     tivac_tirtos_pem4f.oem4f (.const:xdc_runtime_Core_A_initializedParams__C)
                  00009478    00000004     tivac_tirtos_pem4f.oem4f (.const:xdc_runtime_Core_Module__diagsEnabled__C)
                  0000947c    00000004     tivac_tirtos_pem4f.oem4f (.const:xdc_runtime_Core_Module__diagsIncluded__C)
                  00009480    00000004     tivac_tirtos_pem4f.oem4f (.const:xdc_runtime_Core_Module__diagsMask__C)
                  00009484    00000004     tivac_tirtos_pem4f.oem4f (.const:xdc_runtime_Error_E_memory__C)
                  00009488    00000004     tivac_tirtos_pem4f.oem4f (.const:xdc_runtime_Error_Module__diagsEnabled__C)
                  0000948c    00000004     tivac_tirtos_pem4f.oem4f (.const:xdc_runtime_Error_Module__diagsIncluded__C)
                  00009490    00000004     tivac_tirtos_pem4f.oem4f (.const:xdc_runtime_Error_Module__diagsMask__C)
                  00009494    00000004     tivac_tirtos_pem4f.oem4f (.const:xdc_runtime_Error_Module__loggerFxn8__C)
                  00009498    00000004     tivac_tirtos_pem4f.oem4f (.const:xdc_runtime_Error_Module__loggerObj__C)
                  0000949c    00000004     tivac_tirtos_pem4f.oem4f (.const:xdc_runtime_Error_policyFxn__C)
                  000094a0    00000004     tivac_tirtos_pem4f.oem4f (.const:xdc_runtime_Error_raiseHook__C)
                  000094a4    00000004     tivac_tirtos_pem4f.oem4f (.const:xdc_runtime_HeapStd_A_align__C)
                  000094a8    00000004     tivac_tirtos_pem4f.oem4f (.const:xdc_runtime_HeapStd_A_invalidTotalFreeSize__C)
                  000094ac    00000004     tivac_tirtos_pem4f.oem4f (.const:xdc_runtime_HeapStd_A_zeroSize__C)
                  000094b0    00000004     tivac_tirtos_pem4f.oem4f (.const:xdc_runtime_HeapStd_E_noRTSMemory__C)
                  000094b4    00000004     tivac_tirtos_pem4f.oem4f (.const:xdc_runtime_HeapStd_Module__diagsEnabled__C)
                  000094b8    00000004     tivac_tirtos_pem4f.oem4f (.const:xdc_runtime_HeapStd_Module__diagsIncluded__C)
                  000094bc    00000004     tivac_tirtos_pem4f.oem4f (.const:xdc_runtime_HeapStd_Module__diagsMask__C)
                  000094c0    00000004     tivac_tirtos_pem4f.oem4f (.const:xdc_runtime_IFilterLogger_Interface__BASE__C)
                  000094c4    00000004     tivac_tirtos_pem4f.oem4f (.const:xdc_runtime_IGateProvider_Interface__BASE__C)
                  000094c8    00000004     tivac_tirtos_pem4f.oem4f (.const:xdc_runtime_IHeap_Interface__BASE__C)
                  000094cc    00000004     tivac_tirtos_pem4f.oem4f (.const:xdc_runtime_ILogger_Interface__BASE__C)
                  000094d0    00000004     tivac_tirtos_pem4f.oem4f (.const:xdc_runtime_IModule_Interface__BASE__C)
                  000094d4    00000004     tivac_tirtos_pem4f.oem4f (.const:xdc_runtime_Log_L_error__C)
                  000094d8    00000004     tivac_tirtos_pem4f.oem4f (.const:xdc_runtime_Log_L_info__C)
                  000094dc    00000004     tivac_tirtos_pem4f.oem4f (.const:xdc_runtime_Main_Module__diagsEnabled__C)
                  000094e0    00000004     tivac_tirtos_pem4f.oem4f (.const:xdc_runtime_Main_Module__diagsIncluded__C)
                  000094e4    00000004     tivac_tirtos_pem4f.oem4f (.const:xdc_runtime_Main_Module__diagsMask__C)
                  000094e8    00000004     tivac_tirtos_pem4f.oem4f (.const:xdc_runtime_Main_Module__loggerFxn4__C)
                  000094ec    00000004     tivac_tirtos_pem4f.oem4f (.const:xdc_runtime_Main_Module__loggerObj__C)
                  000094f0    00000004     tivac_tirtos_pem4f.oem4f (.const:xdc_runtime_Memory_defaultHeapInstance__C)
                  000094f4    00000004     tivac_tirtos_pem4f.oem4f (.const:xdc_runtime_Startup_execImpl__C)
                  000094f8    00000004     tivac_tirtos_pem4f.oem4f (.const:xdc_runtime_Startup_lastFxns__A)
                  000094fc    00000004     tivac_tirtos_pem4f.oem4f (.const:xdc_runtime_Startup_maxPasses__C)
                  00009500    00000004     tivac_tirtos_pem4f.oem4f (.const:xdc_runtime_Startup_sfxnRts__C)
                  00009504    00000004     tivac_tirtos_pem4f.oem4f (.const:xdc_runtime_Startup_sfxnTab__C)
                  00009508    00000004     tivac_tirtos_pem4f.oem4f (.const:xdc_runtime_SysMin_bufSize__C)
                  0000950c    00000004     tivac_tirtos_pem4f.oem4f (.const:xdc_runtime_SysMin_outputFunc__C)
                  00009510    00000004     tivac_tirtos_pem4f.oem4f (.const:xdc_runtime_System_Module__gateObj__C)
                  00009514    00000004     tivac_tirtos_pem4f.oem4f (.const:xdc_runtime_System_abortFxn__C)
                  00009518    00000004     tivac_tirtos_pem4f.oem4f (.const:xdc_runtime_System_exitFxn__C)
                  0000951c    00000004     tivac_tirtos_pem4f.oem4f (.const:xdc_runtime_System_extendFxn__C)
                  00009520    00000004     tivac_tirtos_pem4f.oem4f (.const:xdc_runtime_System_maxAtexitHandlers__C)
                  00009524    00000004     tivac_tirtos_pem4f.oem4f (.const:xdc_runtime_Text_charTab__C)
                  00009528    00000004     tivac_tirtos_pem4f.oem4f (.const:xdc_runtime_Text_nameEmpty__C)
                  0000952c    00000004     tivac_tirtos_pem4f.oem4f (.const:xdc_runtime_Text_nameStatic__C)
                  00009530    00000004     tivac_tirtos_pem4f.oem4f (.const:xdc_runtime_Text_nameUnknown__C)
                  00009534    00000004     tivac_tirtos_pem4f.oem4f (.const:xdc_runtime_Text_nodeTab__C)
                  00009538    00000004     tivac_tirtos_pem4f.oem4f (.const:xdc_runtime_Text_visitRopeFxn__C)
                  0000953c    00000002     tivac_tirtos_pem4f.oem4f (.const:ti_sysbios_family_arm_lm4_TimestampProvider_useClockTimer__C)
                  0000953e    00000002     tivac_tirtos_pem4f.oem4f (.const:ti_sysbios_family_arm_m3_Hwi_Module__id__C)
                  00009540    00000002     tivac_tirtos_pem4f.oem4f (.const:ti_sysbios_family_arm_m3_Hwi_Module__loggerDefined__C)
                  00009542    00000002     tivac_tirtos_pem4f.oem4f (.const:ti_sysbios_gates_GateMutex_Module__id__C)
                  00009544    00000002     tivac_tirtos_pem4f.oem4f (.const:ti_sysbios_hal_Hwi_Module__id__C)
                  00009546    00000002     tivac_tirtos_pem4f.oem4f (.const:ti_sysbios_knl_Clock_Module__id__C)
                  00009548    00000002     tivac_tirtos_pem4f.oem4f (.const:ti_sysbios_knl_Clock_Module__loggerDefined__C)
                  0000954a    00000002     tivac_tirtos_pem4f.oem4f (.const:ti_sysbios_knl_Semaphore_Module__id__C)
                  0000954c    00000002     tivac_tirtos_pem4f.oem4f (.const:ti_sysbios_knl_Semaphore_Module__loggerDefined__C)
                  0000954e    00000002     tivac_tirtos_pem4f.oem4f (.const:ti_sysbios_knl_Swi_Module__id__C)
                  00009550    00000002     tivac_tirtos_pem4f.oem4f (.const:ti_sysbios_knl_Swi_Module__loggerDefined__C)
                  00009552    00000002     tivac_tirtos_pem4f.oem4f (.const:ti_sysbios_knl_Task_Module__id__C)
                  00009554    00000002     tivac_tirtos_pem4f.oem4f (.const:ti_sysbios_knl_Task_Module__loggerDefined__C)
                  00009556    00000002     tivac_tirtos_pem4f.oem4f (.const:ti_sysbios_utils_Load_Module__id__C)
                  00009558    00000002     tivac_tirtos_pem4f.oem4f (.const:ti_sysbios_utils_Load_Module__loggerDefined__C)
                  0000955a    00000002     tivac_tirtos_pem4f.oem4f (.const:ti_sysbios_utils_Load_autoAddTasks__C)
                  0000955c    00000002     tivac_tirtos_pem4f.oem4f (.const:ti_sysbios_utils_Load_updateInIdle__C)
                  0000955e    00000002     tivac_tirtos_pem4f.oem4f (.const:ti_uia_loggers_LoggerStopMode_Module__id__C)
                  00009560    00000002     tivac_tirtos_pem4f.oem4f (.const:ti_uia_loggers_LoggerStopMode_isTimestampEnabled__C)
                  00009562    00000002     tivac_tirtos_pem4f.oem4f (.const:xdc_runtime_Core_Module__id__C)
                  00009564    00000002     tivac_tirtos_pem4f.oem4f (.const:xdc_runtime_Error_Module__loggerDefined__C)
                  00009566    00000002     tivac_tirtos_pem4f.oem4f (.const:xdc_runtime_Error_maxDepth__C)
                  00009568    00000002     tivac_tirtos_pem4f.oem4f (.const:xdc_runtime_HeapStd_Module__id__C)
                  0000956a    00000002     tivac_tirtos_pem4f.oem4f (.const:xdc_runtime_Main_Module__id__C)
                  0000956c    00000002     tivac_tirtos_pem4f.oem4f (.const:xdc_runtime_Main_Module__loggerDefined__C)
                  0000956e    00000002     tivac_tirtos_pem4f.oem4f (.const:xdc_runtime_Memory_Module__id__C)
                  00009570    00000002     tivac_tirtos_pem4f.oem4f (.const:xdc_runtime_SysMin_flushAtExit__C)
                  00009572    00000002     tivac_tirtos_pem4f.oem4f (.const:xdc_runtime_Text_charCnt__C)
                  00009574    00000002     tivac_tirtos_pem4f.oem4f (.const:xdc_runtime_Text_isLoaded__C)
                  00009576    00000002     tivac_tirtos_pem4f.oem4f (.const:xdc_runtime_Text_registryModsLastId__C)
                  00009578    00000002     tivac_tirtos_pem4f.oem4f (.const:xdc_runtime_Text_unnamedModsLastId__C)

.cinit     0    00009580    00000330     
                  00009580    000002f6     (.cinit..data.load) [load image, compression = lzss]
                  00009876    00000002     --HOLE-- [fill = 0]
                  00009878    0000000c     (__TI_handler_table)
                  00009884    00000004     --HOLE-- [fill = 0]
                  00009888    00000008     (.cinit..bss.load) [load image, compression = zero_init]
                  00009890    00000008     (.cinit..vecs.load) [load image, compression = zero_init]
                  00009898    00000018     (__TI_cinit_table)

.init_array 
*          0    00000000    00000000     UNINITIALIZED

.resetVecs 
*          0    00000000    0000003c     
                  00000000    0000003c     tivac_tirtos_pem4f.oem4f (.resetVecs)

.bss       0    20000380    00003c30     UNINITIALIZED
                  20000380    00002800     tivac_tirtos_pem4f.oem4f (.bss:taskStackSection)
                  20002b80    00000400     (.common:ti_uia_loggers_LoggerStopMode_Instance_State_1_packetArray__A)
                  20002f80    00000400     (.common:ti_uia_loggers_LoggerStopMode_Instance_State_2_packetArray__A)
                  20003380    00000400     (.common:xdc_runtime_SysMin_Module_State_0_outbuf__A)
                  20003780    00000360     (.common:ti_sysbios_family_arm_m3_Hwi_dispatchTable)
                  20003ae0    00000008     (.common:parmbuf)
                  20003ae8    00000004     (.common:ADCValues)
                  20003aec    00000004     (.common:adcValue)
                  20003af0    00000004     (.common:ti_sysbios_knl_Task_Instance_State_0_hookEnv__A)
                  20003af4    00000004     (.common:ti_sysbios_knl_Task_Instance_State_1_hookEnv__A)
                  20003af8    00000004     (.common:ti_sysbios_knl_Task_Instance_State_2_hookEnv__A)
                  20003afc    00000004     (.common:ti_sysbios_knl_Task_Instance_State_3_hookEnv__A)
                  20003b00    00000200     (.common:ti_uia_loggers_LoggerStopMode_Instance_State_0_packetArray__A)
                  20003d00    00000120     rtsv7M4_T_le_v4SPD16_eabi.lib : trgmsg.c.obj (.bss:_CIOBUF_)
                  20003e20    00000004     (.common:ti_sysbios_knl_Task_Instance_State_4_hookEnv__A)
                  20003e24    0000005c     --HOLE--
                  20003e80    00000030     (.common:ti_uia_loggers_LoggerStopMode_Instance_State_0_hdr__A)
                  20003eb0    00000050     --HOLE--
                  20003f00    00000030     (.common:ti_uia_loggers_LoggerStopMode_Instance_State_1_hdr__A)
                  20003f30    00000050     --HOLE--
                  20003f80    00000030     (.common:ti_uia_loggers_LoggerStopMode_Instance_State_2_hdr__A)

.data      0    20003fb0    000007f6     UNINITIALIZED
                  20003fb0    00000190     tivac_tirtos_pem4f.oem4f (.data:ti_sysbios_knl_Task_Object__table__V)
                  20004140    0000009c     tivac_tirtos_pem4f.oem4f (.data:ti_uia_loggers_LoggerStopMode_Object__table__V)
                  200041dc    00000098     tivac_tirtos_pem4f.oem4f (.data:ti_sysbios_utils_Load_Module__state__V)
                  20004274    0000008c     tivac_tirtos_pem4f.oem4f (.data:ti_sysbios_utils_Load_Module_State_0_taskEnv__A)
                  20004300    00000080     tivac_tirtos_pem4f.oem4f (.data:ti_sysbios_family_arm_lm4_Timer_Object__table__V)
                  20004380    00000080     tivac_tirtos_pem4f.oem4f (.data:ti_sysbios_knl_Swi_Module_State_0_readyQ__A)
                  20004400    00000080     tivac_tirtos_pem4f.oem4f (.data:ti_sysbios_knl_Task_Module_State_0_readyQ__A)
                  20004480    00000050     tivac_tirtos_pem4f.oem4f (.data:ti_sysbios_knl_Semaphore_Object__table__V)
                  200044d0    00000048     tivac_tirtos_pem4f.oem4f (.data:ti_sysbios_family_arm_m3_Hwi_Object__table__V)
                  20004518    00000044     tivac_tirtos_pem4f.oem4f (.data:ti_sysbios_knl_Task_Module__state__V)
                  2000455c    00000038     tivac_tirtos_pem4f.oem4f (.data:ti_sysbios_gates_GateMutex_Object__table__V)
                  20004594    00000034     tivac_tirtos_pem4f.oem4f (.data:ti_sysbios_family_arm_m3_Hwi_Module__state__V)
                  200045c8    00000030     tivac_tirtos_pem4f.oem4f (.data:ti_sysbios_family_arm_lm4_Timer_Module_State_0_device__A)
                  200045f8    00000030     tivac_tirtos_pem4f.oem4f (.data:ti_sysbios_knl_Swi_Object__table__V)
                  20004628    0000002c     tivac_tirtos_pem4f.oem4f (.data:ti_sysbios_knl_Clock_Module__state__V)
                  20004654    00000024     tivac_tirtos_pem4f.oem4f (.data:ti_sysbios_BIOS_Module__state__V)
                  20004678    00000020     tivac_tirtos_pem4f.oem4f (.data:xdc_runtime_System_Module_State_0_atexitHandlers__A)
                  20004698    0000001c     tivac_tirtos_pem4f.oem4f (.data:ti_sysbios_knl_Swi_Module__state__V)
                  200046b4    00000018     tivac_tirtos_pem4f.oem4f (.data:ti_sysbios_family_arm_lm4_Timer_Module_State_0_handles__A)
                  200046cc    0000000c     tivac_tirtos_pem4f.oem4f (.data:ti_sysbios_family_arm_lm4_Timer_Module__state__V)
                  200046d8    0000000c     tivac_tirtos_pem4f.oem4f (.data:ti_sysbios_knl_Task_Module__root__V)
                  200046e4    0000000c     tivac_tirtos_pem4f.oem4f (.data:ti_uia_runtime_QueueDescriptor_Module__state__V)
                  200046f0    0000000c     tivac_tirtos_pem4f.oem4f (.data:xdc_runtime_HeapStd_Object__table__V)
                  200046fc    0000000c     tivac_tirtos_pem4f.oem4f (.data:xdc_runtime_SysMin_Module__state__V)
                  20004708    0000000b     tivac_tirtos.obj (.data)
                  20004713    00000001     --HOLE--
                  20004714    00000008     rtsv7M4_T_le_v4SPD16_eabi.lib : _lock.c.obj (.data:$O1$$)
                  2000471c    00000008     ti.uia.runtime.aem4f : QueueDescriptor.oem4f (.data)
                  20004724    00000008     tivac_tirtos_pem4f.oem4f (.data:ti_sysbios_family_arm_lm4_TimestampProvider_Module__state__V)
                  2000472c    00000008     tivac_tirtos_pem4f.oem4f (.data:ti_sysbios_gates_GateHwi_Module__root__V)
                  20004734    00000008     tivac_tirtos_pem4f.oem4f (.data:ti_sysbios_gates_GateMutex_Module__root__V)
                  2000473c    00000008     tivac_tirtos_pem4f.oem4f (.data:ti_sysbios_hal_Hwi_Object__table__V)
                  20004744    00000008     tivac_tirtos_pem4f.oem4f (.data:ti_sysbios_knl_Queue_Module__root__V)
                  2000474c    00000008     tivac_tirtos_pem4f.oem4f (.data:ti_sysbios_knl_Semaphore_Module__root__V)
                  20004754    00000008     tivac_tirtos_pem4f.oem4f (.data:ti_uia_loggers_LoggerStopMode_Module__root__V)
                  2000475c    00000008     tivac_tirtos_pem4f.oem4f (.data:xdc_runtime_HeapStd_Module__root__V)
                  20004764    00000008     tivac_tirtos_pem4f.oem4f (.data:xdc_runtime_Registry_Module__state__V)
                  2000476c    00000008     tivac_tirtos_pem4f.oem4f (.data:xdc_runtime_Startup_Module__state__V)
                  20004774    00000008     tivac_tirtos_pem4f.oem4f (.data:xdc_runtime_System_Module__state__V)
                  2000477c    00000004     rtsv7M4_T_le_v4SPD16_eabi.lib : stkdepth_vars.c.obj (.data)
                  20004780    00000004     tivac_tirtos_pem4f.oem4f (.data:ti_sysbios_family_arm_m3_Hwi_Module_State_0_excContext__A)
                  20004784    00000004     tivac_tirtos_pem4f.oem4f (.data:ti_sysbios_family_arm_m3_Hwi_Module_State_0_excStack__A)
                  20004788    00000004     tivac_tirtos_pem4f.oem4f (.data:ti_sysbios_gates_GateHwi_Object__table__V)
                  2000478c    00000004     tivac_tirtos_pem4f.oem4f (.data:ti_sysbios_knl_Task_Module_State_0_idleTask__A)
                  20004790    00000004     tivac_tirtos_pem4f.oem4f (.data:ti_sysbios_utils_Load_Module_State_0_runningTask__A)
                  20004794    00000004     tivac_tirtos_pem4f.oem4f (.data:ti_sysbios_utils_Load_Module_State_0_taskStartTime__A)
                  20004798    00000004     tivac_tirtos_pem4f.oem4f (.data:xdc_runtime_HeapStd_Module__state__V)
                  2000479c    00000004     tivac_tirtos_pem4f.oem4f (.data:xdc_runtime_Memory_Module__state__V)
                  200047a0    00000002     tivac_tirtos_pem4f.oem4f (.data:ti_sysbios_family_arm_m3_Hwi_Module_State_0_excActive__A)
                  200047a2    00000002     tivac_tirtos_pem4f.oem4f (.data:xdc_runtime_Error_Module__state__V)
                  200047a4    00000002     tivac_tirtos_pem4f.oem4f (.data:xdc_runtime_Main_Module__root__V)

.stack     0    200047a8    00000400     UNINITIALIZED
                  200047a8    00000400     --HOLE--

.bootVecs 
*          0    00000000    00000008     DSECT
                  00000000    00000008     boot.aem4f : boot.oem4f (.bootVecs)

.vecs      0    20000000    00000360     UNINITIALIZED
                  20000000    00000360     tivac_tirtos_pem4f.oem4f (.vecs)

xdc.meta   0    00000000    000000e6     COPY SECTION
                  00000000    000000e6     tivac_tirtos_pem4f.oem4f (xdc.meta)

MODULE SUMMARY

       Module                       code    ro data   rw data
       ------                       ----    -------   -------
    .\
       tivac_tirtos.obj             2056    46        19     
    +--+----------------------------+-------+---------+---------+
       Total:                       2056    46        19     
                                                             
    C:\Users\Josh R\Desktop\TIRTOS_Project\Debug\configPkg\package\cfg\
       tivac_tirtos_pem4f.oem4f     3114    10056     17722  
    +--+----------------------------+-------+---------+---------+
       Total:                       3114    10056     17722  
                                                             
    C:/ti/tirtos_tivac_2_16_00_08/products/TivaWare_C_Series-2.1.1.71b/driverlib/ccs/Debug/driverlib.lib
       sysctl.obj                   622     108       0      
       gpio.obj                     508     144       0      
       adc.obj                      308     0         0      
       timer.obj                    140     0         0      
       uart.obj                     130     0         0      
    +--+----------------------------+-------+---------+---------+
       Total:                       1708    252       0      
                                                             
    C:\Users\Josh R\Desktop\TIRTOS_Project\src\sysbios\sysbios.aem4f
       BIOS.obj                     12692   0         0      
       m3_Hwi_asm.obj               314     0         0      
       m3_TaskSupport_asm.obj       180     0         0      
       m3_Hwi_asm_switch.obj        118     0         0      
    +--+----------------------------+-------+---------+---------+
       Total:                       13304   0         0      
                                                             
    C:\ti\ccs910\ccs\tools\compiler\ti-cgt-arm_18.12.2.LTS\lib\rtsv7M4_T_le_v4SPD16_eabi.lib
       trgmsg.c.obj                 108     0         288    
       fd_div_t2.asm.obj            310     0         0      
       fd_mul_t2.asm.obj            252     0         0      
       memcpy_t2.asm.obj            156     0         0      
       memset_t2.asm.obj            122     0         0      
       copy_decompress_lzss.c.obj   104     0         0      
       hostwrite.c.obj              88      0         0      
       cpy_tbl.c.obj                76      0         0      
       fd_toi_t2.asm.obj            72      0         0      
       u_divt2.asm.obj              64      0         0      
       fs_tod_t2.asm.obj            56      0         0      
       _lock.c.obj                  26      0         8      
       args_main.c.obj              24      0         0      
       strlen.c.obj                 20      0         0      
       copy_decompress_none.c.obj   14      0         0      
       copy_zero_init.c.obj         12      0         0      
       hostopen.c.obj               0       0         8      
       exit.c.obj                   4       0         0      
       stkdepth_vars.c.obj          0       0         4      
       div0.asm.obj                 2       0         0      
    +--+----------------------------+-------+---------+---------+
       Total:                       1510    0         308    
                                                             
[...]
0000931c  ti_sysbios_family_arm_m3_Hwi_Module__loggerFxn1__C                
00009320  ti_sysbios_family_arm_m3_Hwi_Module__loggerFxn8__C                
00009324  ti_sysbios_family_arm_m3_Hwi_Module__loggerObj__C                 
00009328  ti_sysbios_family_arm_m3_Hwi_NUM_INTERRUPTS__C                    
0000932c  ti_sysbios_family_arm_m3_Hwi_Object__count__C                     
00009330  ti_sysbios_family_arm_m3_Hwi_ccr__C                               
00009334  ti_sysbios_family_arm_m3_Hwi_excHandlerFunc__C                    
00009338  ti_sysbios_family_arm_m3_Hwi_excHookFuncs__C                      
0000933c  ti_sysbios_family_arm_m3_Hwi_nullIsrFunc__C                       
00009340  ti_sysbios_family_arm_m3_Hwi_priGroup__C                          
00009344  ti_sysbios_gates_GateMutex_A_badContext__C                        
00009348  ti_sysbios_gates_GateMutex_Instance_State_sem__O                  
0000934c  ti_sysbios_gates_GateMutex_Module__diagsEnabled__C                
00009350  ti_sysbios_gates_GateMutex_Module__diagsIncluded__C               
00009354  ti_sysbios_gates_GateMutex_Module__diagsMask__C                   
00009358  ti_sysbios_hal_Hwi_E_stackOverflow__C                             
0000935c  ti_sysbios_heaps_HeapMem_Object__count__C                         
00009360  ti_sysbios_knl_Clock_LM_begin__C                                  
00009364  ti_sysbios_knl_Clock_LM_tick__C                                   
00009368  ti_sysbios_knl_Clock_LW_delayed__C                                
0000936c  ti_sysbios_knl_Clock_Module_State_clockQ__O                       
00009370  ti_sysbios_knl_Clock_Module__diagsEnabled__C                      
00009374  ti_sysbios_knl_Clock_Module__diagsIncluded__C                     
00009378  ti_sysbios_knl_Clock_Module__diagsMask__C                         
0000937c  ti_sysbios_knl_Clock_Module__loggerFxn1__C                        
00009380  ti_sysbios_knl_Clock_Module__loggerFxn2__C                        
00009384  ti_sysbios_knl_Clock_Module__loggerObj__C                         
00009388  ti_sysbios_knl_Semaphore_A_badContext__C                          
0000938c  ti_sysbios_knl_Semaphore_A_noEvents__C                            
00009390  ti_sysbios_knl_Semaphore_A_overflow__C                            
00009394  ti_sysbios_knl_Semaphore_A_pendTaskDisabled__C                    
00009398  ti_sysbios_knl_Semaphore_Instance_State_pendQ__O                  
0000939c  ti_sysbios_knl_Semaphore_LM_pend__C                               
000093a0  ti_sysbios_knl_Semaphore_LM_post__C                               
000093a4  ti_sysbios_knl_Semaphore_Module__diagsEnabled__C                  
000093a8  ti_sysbios_knl_Semaphore_Module__diagsIncluded__C                 
000093ac  ti_sysbios_knl_Semaphore_Module__diagsMask__C                     
000093b0  ti_sysbios_knl_Semaphore_Module__loggerFxn2__C                    
000093b4  ti_sysbios_knl_Semaphore_Module__loggerFxn4__C                    
000093b8  ti_sysbios_knl_Semaphore_Module__loggerObj__C                     
000093bc  ti_sysbios_knl_Swi_LD_end__C                                      
000093c0  ti_sysbios_knl_Swi_LM_begin__C                                    
000093c4  ti_sysbios_knl_Swi_LM_post__C                                     
000093c8  ti_sysbios_knl_Swi_Module__diagsEnabled__C                        
000093cc  ti_sysbios_knl_Swi_Module__diagsIncluded__C                       
000093d0  ti_sysbios_knl_Swi_Module__diagsMask__C                           
000093d4  ti_sysbios_knl_Swi_Module__loggerFxn1__C                          
000093d8  ti_sysbios_knl_Swi_Module__loggerFxn4__C                          
000093dc  ti_sysbios_knl_Swi_Module__loggerObj__C                           
000093e0  ti_sysbios_knl_Swi_Object__count__C                               
000093e4  ti_sysbios_knl_Task_E_spOutOfBounds__C                            
000093e8  ti_sysbios_knl_Task_E_stackOverflow__C                            
000093ec  ti_sysbios_knl_Task_LD_block__C                                   
000093f0  ti_sysbios_knl_Task_LD_exit__C                                    
000093f4  ti_sysbios_knl_Task_LD_ready__C                                   
000093f8  ti_sysbios_knl_Task_LM_switch__C                                  
000093fc  ti_sysbios_knl_Task_Module_State_inactiveQ__O                     
00009400  ti_sysbios_knl_Task_Module__diagsEnabled__C                       
00009404  ti_sysbios_knl_Task_Module__diagsIncluded__C                      
00009408  ti_sysbios_knl_Task_Module__diagsMask__C                          
0000940c  ti_sysbios_knl_Task_Module__loggerFxn2__C                         
00009410  ti_sysbios_knl_Task_Module__loggerFxn4__C                         
00009414  ti_sysbios_knl_Task_Module__loggerObj__C                          
00009418  ti_sysbios_knl_Task_Object__count__C                              
0000941c  ti_sysbios_knl_Task_Object__heap__C                               
00009420  ti_sysbios_knl_Task_allBlockedFunc__C                             
00009424  ti_sysbios_knl_Task_numConstructedTasks__C                        
00009428  ti_sysbios_utils_Load_LS_cpuLoad__C                               
0000942c  ti_sysbios_utils_Load_LS_taskLoad__C                              
00009430  ti_sysbios_utils_Load_Module_State_taskList__O                    
00009434  ti_sysbios_utils_Load_Module__diagsEnabled__C                     
00009438  ti_sysbios_utils_Load_Module__diagsIncluded__C                    
0000943c  ti_sysbios_utils_Load_Module__diagsMask__C                        
00009440  ti_sysbios_utils_Load_Module__loggerFxn1__C                       
00009444  ti_sysbios_utils_Load_Module__loggerFxn4__C                       
00009448  ti_sysbios_utils_Load_Module__loggerObj__C                        
0000944c  ti_sysbios_utils_Load_postUpdate__C                               
00009450  ti_sysbios_utils_Load_windowInMs__C                               
00009454  ti_uia_loggers_LoggerStopMode_Module__diagsEnabled__C             
00009458  ti_uia_loggers_LoggerStopMode_Module__diagsIncluded__C            
0000945c  ti_uia_loggers_LoggerStopMode_Module__diagsMask__C                
00009460  ti_uia_loggers_LoggerStopMode_Object__count__C                    
00009464  ti_uia_runtime_ILoggerSnapshot_Interface__BASE__C                 
00009468  ti_uia_runtime_IUIATransfer_Interface__BASE__C                    
00009470  xdc_runtime_Assert_E_assertFailed__C                              
00009474  xdc_runtime_Core_A_initializedParams__C                           
00009478  xdc_runtime_Core_Module__diagsEnabled__C                          
0000947c  xdc_runtime_Core_Module__diagsIncluded__C                         
00009480  xdc_runtime_Core_Module__diagsMask__C                             
00009484  xdc_runtime_Error_E_memory__C                                     
00009488  xdc_runtime_Error_Module__diagsEnabled__C                         
0000948c  xdc_runtime_Error_Module__diagsIncluded__C                        
00009490  xdc_runtime_Error_Module__diagsMask__C                            
00009494  xdc_runtime_Error_Module__loggerFxn8__C                           
00009498  xdc_runtime_Error_Module__loggerObj__C                            
0000949c  xdc_runtime_Error_policyFxn__C                                    
000094a0  xdc_runtime_Error_raiseHook__C                                    
000094a4  xdc_runtime_HeapStd_A_align__C                                    
000094a8  xdc_runtime_HeapStd_A_invalidTotalFreeSize__C                     
000094ac  xdc_runtime_HeapStd_A_zeroSize__C                                 
000094b0  xdc_runtime_HeapStd_E_noRTSMemory__C                              
000094b4  xdc_runtime_HeapStd_Module__diagsEnabled__C                       
000094b8  xdc_runtime_HeapStd_Module__diagsIncluded__C                      
000094bc  xdc_runtime_HeapStd_Module__diagsMask__C                          
000094c0  xdc_runtime_IFilterLogger_Interface__BASE__C                      
000094c4  xdc_runtime_IGateProvider_Interface__BASE__C                      
000094c8  xdc_runtime_IHeap_Interface__BASE__C                              
000094cc  xdc_runtime_ILogger_Interface__BASE__C                            
000094d0  xdc_runtime_IModule_Interface__BASE__C                            
000094d4  xdc_runtime_Log_L_error__C                                        
000094d8  xdc_runtime_Log_L_info__C                                         
000094dc  xdc_runtime_Main_Module__diagsEnabled__C                          
000094e0  xdc_runtime_Main_Module__diagsIncluded__C                         
000094e4  xdc_runtime_Main_Module__diagsMask__C                             
000094e8  xdc_runtime_Main_Module__loggerFxn4__C                            
000094ec  xdc_runtime_Main_Module__loggerObj__C                             
000094f0  xdc_runtime_Memory_defaultHeapInstance__C                         
000094f4  xdc_runtime_Startup_execImpl__C                                   
000094f8  xdc_runtime_Startup_lastFxns__A                                   
000094fc  xdc_runtime_Startup_maxPasses__C                                  
00009500  xdc_runtime_Startup_sfxnRts__C                                    
00009504  xdc_runtime_Startup_sfxnTab__C                                    
00009508  xdc_runtime_SysMin_bufSize__C                                     
0000950c  xdc_runtime_SysMin_outputFunc__C                                  
00009510  xdc_runtime_System_Module__gateObj__C                             
00009514  xdc_runtime_System_abortFxn__C                                    
00009518  xdc_runtime_System_exitFxn__C                                     
0000951c  xdc_runtime_System_extendFxn__C                                   
00009520  xdc_runtime_System_maxAtexitHandlers__C                           
00009524  xdc_runtime_Text_charTab__C                                       
00009528  xdc_runtime_Text_nameEmpty__C                                     
0000952c  xdc_runtime_Text_nameStatic__C                                    
00009530  xdc_runtime_Text_nameUnknown__C                                   
00009534  xdc_runtime_Text_nodeTab__C                                       
00009538  xdc_runtime_Text_visitRopeFxn__C                                  
0000953c  ti_sysbios_family_arm_lm4_TimestampProvider_useClockTimer__C      
0000953e  ti_sysbios_family_arm_m3_Hwi_Module__id__C                        
00009540  ti_sysbios_family_arm_m3_Hwi_Module__loggerDefined__C             
00009542  ti_sysbios_gates_GateMutex_Module__id__C                          
00009544  ti_sysbios_hal_Hwi_Module__id__C                                  
00009546  ti_sysbios_knl_Clock_Module__id__C                                
00009548  ti_sysbios_knl_Clock_Module__loggerDefined__C                     
0000954a  ti_sysbios_knl_Semaphore_Module__id__C                            
0000954c  ti_sysbios_knl_Semaphore_Module__loggerDefined__C                 
0000954e  ti_sysbios_knl_Swi_Module__id__C                                  
00009550  ti_sysbios_knl_Swi_Module__loggerDefined__C                       
00009552  ti_sysbios_knl_Task_Module__id__C                                 
00009554  ti_sysbios_knl_Task_Module__loggerDefined__C                      
00009556  ti_sysbios_utils_Load_Module__id__C                               
00009558  ti_sysbios_utils_Load_Module__loggerDefined__C                    
0000955a  ti_sysbios_utils_Load_autoAddTasks__C                             
0000955c  ti_sysbios_utils_Load_updateInIdle__C                             
0000955e  ti_uia_loggers_LoggerStopMode_Module__id__C                       
00009560  ti_uia_loggers_LoggerStopMode_isTimestampEnabled__C               
00009562  xdc_runtime_Core_Module__id__C                                    
00009564  xdc_runtime_Error_Module__loggerDefined__C                        
00009566  xdc_runtime_Error_maxDepth__C                                     
00009568  xdc_runtime_HeapStd_Module__id__C                                 
0000956a  xdc_runtime_Main_Module__id__C                                    
0000956c  xdc_runtime_Main_Module__loggerDefined__C                         
0000956e  xdc_runtime_Memory_Module__id__C                                  
00009570  xdc_runtime_SysMin_flushAtExit__C                                 
00009572  xdc_runtime_Text_charCnt__C                                       
00009574  xdc_runtime_Text_isLoaded__C                                      
00009576  xdc_runtime_Text_registryModsLastId__C                            
00009578  xdc_runtime_Text_unnamedModsLastId__C                             
00009580  __TI_static_base__                                                
00009878  __TI_Handler_Table_Base                                           
00009884  __TI_Handler_Table_Limit                                          
00009898  __TI_CINIT_Base                                                   
000098b0  __TI_CINIT_Limit                                                  
20000000  ti_sysbios_family_arm_m3_Hwi_ramVectors                           
20000380  ti_sysbios_knl_Task_Instance_State_0_stack__A                     
20000b80  ti_sysbios_knl_Task_Instance_State_1_stack__A                     
20001380  ti_sysbios_knl_Task_Instance_State_2_stack__A                     
20001b80  ti_sysbios_knl_Task_Instance_State_3_stack__A                     
20002380  ti_sysbios_knl_Task_Instance_State_4_stack__A                     
20002b80  ti_uia_loggers_LoggerStopMode_Instance_State_1_packetArray__A     
20002f80  ti_uia_loggers_LoggerStopMode_Instance_State_2_packetArray__A     
20003380  xdc_runtime_SysMin_Module_State_0_outbuf__A                       
20003780  ti_sysbios_family_arm_m3_Hwi_dispatchTable                        
20003ae0  parmbuf                                                           
20003ae8  ADCValues                                                         
20003aec  adcValue                                                          
20003af0  ti_sysbios_knl_Task_Instance_State_0_hookEnv__A                   
20003af4  ti_sysbios_knl_Task_Instance_State_1_hookEnv__A                   
20003af8  ti_sysbios_knl_Task_Instance_State_2_hookEnv__A                   
20003afc  ti_sysbios_knl_Task_Instance_State_3_hookEnv__A                   
20003b00  ti_uia_loggers_LoggerStopMode_Instance_State_0_packetArray__A     
20003d00  __CIOBUF_                                                         
20003e20  ti_sysbios_knl_Task_Instance_State_4_hookEnv__A                   
20003e80  ti_uia_loggers_LoggerStopMode_Instance_State_0_hdr__A             
20003f00  ti_uia_loggers_LoggerStopMode_Instance_State_1_hdr__A             
20003f80  ti_uia_loggers_LoggerStopMode_Instance_State_2_hdr__A             
20003fb0  ti_sysbios_knl_Task_Object__table__V                              
20004140  ti_uia_loggers_LoggerStopMode_Object__table__V                    
200041dc  ti_sysbios_utils_Load_Module__state__V                            
20004274  ti_sysbios_utils_Load_Module_State_0_taskEnv__A                   
20004300  ti_sysbios_family_arm_lm4_Timer_Object__table__V                  
20004380  ti_sysbios_knl_Swi_Module_State_0_readyQ__A                       
20004400  ti_sysbios_knl_Task_Module_State_0_readyQ__A                      
20004480  ti_sysbios_knl_Semaphore_Object__table__V                         
200044d0  ti_sysbios_family_arm_m3_Hwi_Object__table__V                     
20004518  ti_sysbios_knl_Task_Module__state__V                              
2000455c  ti_sysbios_gates_GateMutex_Object__table__V                       
20004594  ti_sysbios_family_arm_m3_Hwi_Module__state__V                     
200045c8  ti_sysbios_family_arm_lm4_Timer_Module_State_0_device__A          
200045f8  ti_sysbios_knl_Swi_Object__table__V                               
20004628  ti_sysbios_knl_Clock_Module__state__V                             
20004654  ti_sysbios_BIOS_Module__state__V                                  
20004678  xdc_runtime_System_Module_State_0_atexitHandlers__A               
20004698  ti_sysbios_knl_Swi_Module__state__V                               
200046b4  ti_sysbios_family_arm_lm4_Timer_Module_State_0_handles__A         
200046cc  ti_sysbios_family_arm_lm4_Timer_Module__state__V                  
200046d8  ti_sysbios_knl_Task_Module__root__V                               
200046e4  ti_uia_runtime_QueueDescriptor_Module__state__V                   
200046f0  xdc_runtime_HeapStd_Object__table__V                              
200046fc  xdc_runtime_SysMin_Module__state__V                               
2000470c  i16ToggleCount                                                    
2000470e  i16InstanceCount                                                  
20004710  dutyCycle                                                         
20004714  _lock                                                             
20004718  _unlock                                                           
2000471c  ti_uia_runtime_QueueDescriptor_gPtrToFirstDescriptor              
20004720  ti_uia_runtime_QueueDescriptor_gUpdateCount                       
20004724  ti_sysbios_family_arm_lm4_TimestampProvider_Module__state__V      
2000472c  ti_sysbios_gates_GateHwi_Module__root__V                          
20004734  ti_sysbios_gates_GateMutex_Module__root__V                        
2000473c  ti_sysbios_hal_Hwi_Object__table__V                               
20004744  ti_sysbios_knl_Queue_Module__root__V                              
2000474c  ti_sysbios_knl_Semaphore_Module__root__V                          
20004754  ti_uia_loggers_LoggerStopMode_Module__root__V                     
2000475c  xdc_runtime_HeapStd_Module__root__V                               
20004764  xdc_runtime_Registry_Module__state__V                             
2000476c  xdc_runtime_Startup_Module__state__V                              
20004774  xdc_runtime_System_Module__state__V                               
2000477c  main_func_sp                                                      
20004780  ti_sysbios_family_arm_m3_Hwi_Module_State_0_excContext__A         
20004784  ti_sysbios_family_arm_m3_Hwi_Module_State_0_excStack__A           
20004788  ti_sysbios_gates_GateHwi_Object__table__V                         
2000478c  ti_sysbios_knl_Task_Module_State_0_idleTask__A                    
20004790  ti_sysbios_utils_Load_Module_State_0_runningTask__A               
20004794  ti_sysbios_utils_Load_Module_State_0_taskStartTime__A             
20004798  xdc_runtime_HeapStd_Module__state__V                              
2000479c  xdc_runtime_Memory_Module__state__V                               
200047a0  ti_sysbios_family_arm_m3_Hwi_Module_State_0_excActive__A          
200047a2  xdc_runtime_Error_Module__state__V                                
200047a4  xdc_runtime_Main_Module__root__V                                  
200047a8  __stack                                                           
20004ba8  __STACK_END                                                       
e000e000  ti_sysbios_family_arm_m3_Hwi_nvic                                 
ffffffff  __TI_pprof_out_hndl                                               
ffffffff  __TI_prof_data_size                                               
ffffffff  __TI_prof_data_start                                              
ffffffff  __binit__                                                         
ffffffff  __c_args__                                                        
ffffffff  binit                                                             
UNDEFED   SHT$$INIT_ARRAY$$Base                                             
UNDEFED   SHT$$INIT_ARRAY$$Limit                                            

[717 symbols]
