******************************************************************************
                  TI ARM Linker PC v18.12.2                    
******************************************************************************
>> Linked Fri Dec 13 20:24:04 2019

OUTPUT FILE NAME:   <Lab8.out>
ENTRY POINT SYMBOL: "_c_int00_noargs"  address: 00000a09


MEMORY CONFIGURATION

         name            origin    length      used     unused   attr    fill
----------------------  --------  ---------  --------  --------  ----  --------
  FLASH                 00000000   00040000  00000c24  0003f3dc  R  X
  SRAM                  20000000   00008000  00000238  00007dc8  RW X


SEGMENT ALLOCATION MAP

run origin  load origin   length   init length attrs members
----------  ----------- ---------- ----------- ----- -------
00000000    00000000    00000c28   00000c28    r-x
  00000000    00000000    0000026c   0000026c    r-- .intvecs
  0000026c    0000026c    00000874   00000874    r-x .text
  00000ae0    00000ae0    000000fc   000000fc    r-- .const
  00000be0    00000be0    00000048   00000048    r-- .cinit
20000000    20000000    00000238   00000000    rw-
  20000000    20000000    00000200   00000000    rw- .stack
  20000200    20000200    00000020   00000000    rw- .data
  20000220    20000220    00000018   00000000    rw- .bss


SECTION ALLOCATION MAP

 output                                  attributes/
section   page    origin      length       input sections
--------  ----  ----------  ----------   ----------------
.intvecs   0    00000000    0000026c     
                  00000000    0000026c     tm4c123gh6pm_startup_ccs.obj (.intvecs)

.text      0    0000026c    00000874     
                  0000026c    00000264     Lab8_Task02.obj (.text)
                  000004d0    00000132     driverlib.lib : gpio.obj (.text:GPIOPadConfigSet)
                  00000602    00000002     --HOLE-- [fill = 0]
                  00000604    00000110                   : sysctl.obj (.text:SysCtlClockGet)
                  00000714    000000f4                   : sysctl.obj (.text:SysCtlClockSet)
                  00000808    0000009c     rtsv7M4_T_le_v4SPD16_eabi.lib : memcpy_t2.asm.obj (.text)
                  000008a4    00000068                                   : copy_decompress_lzss.c.obj (.text:decompress:lzss:__TI_decompress_lzss)
                  0000090c    00000048     driverlib.lib : gpio.obj (.text:GPIOPinConfigure)
                  00000954    00000044     rtsv7M4_T_le_v4SPD16_eabi.lib : autoinit.c.obj (.text:__TI_auto_init_nobinit_nopinit:__TI_auto_init_nobinit_nopinit)
                  00000998    0000003c     driverlib.lib : ssi.obj (.text:SSIConfigSetExpClk)
                  000009d4    00000034                   : sysctl.obj (.text:SysCtlPeripheralEnable)
                  00000a08    00000034     rtsv7M4_T_le_v4SPD16_eabi.lib : boot_cortex_m.c.obj (.text:_c_int00_noargs:_c_int00_noargs)
                  00000a3c    0000002a     driverlib.lib : gpio.obj (.text:GPIODirModeSet)
                  00000a66    0000001c     rtsv7M4_T_le_v4SPD16_eabi.lib : copy_zero_init.c.obj (.text:decompress:ZI:__TI_zero_init_nomemset:__TI_zero_init_nomemset)
                  00000a82    00000012     driverlib.lib : gpio.obj (.text:GPIOPinTypeSSI)
                  00000a94    00000010                   : fpu.obj (.text:FPULazyStackingEnable)
                  00000aa4    0000000e     rtsv7M4_T_le_v4SPD16_eabi.lib : copy_decompress_none.c.obj (.text:decompress:none:__TI_decompress_none)
                  00000ab2    0000000c     tm4c123gh6pm_startup_ccs.obj (.text)
                  00000abe    0000000a     driverlib.lib : ssi.obj (.text:SSIDataPut)
                  00000ac8    0000000a                   : ssi.obj (.text:SSIEnable)
                  00000ad2    00000006                   : sysctl.obj (.text:SysCtlDelay)
                  00000ad8    00000004     rtsv7M4_T_le_v4SPD16_eabi.lib : pre_init.c.obj (.text:_system_pre_init)
                  00000adc    00000004                                   : exit.c.obj (.text:abort:abort)

.const     0    00000ae0    000000fc     
                  00000ae0    00000090     driverlib.lib : gpio.obj (.const:g_pui32GPIOBaseAddrs)
                  00000b70    0000006c                   : sysctl.obj (.const:g_pui32Xtals)

.cinit     0    00000be0    00000048     
                  00000be0    0000001f     (.cinit..data.load) [load image, compression = lzss]
                  00000bff    00000001     --HOLE-- [fill = 0]
                  00000c00    0000000c     (__TI_handler_table)
                  00000c0c    00000004     --HOLE-- [fill = 0]
                  00000c10    00000008     (.cinit..bss.load) [load image, compression = zero_init]
                  00000c18    00000010     (__TI_cinit_table)

.init_array 
*          0    00000000    00000000     UNINITIALIZED

.data      0    20000200    00000020     UNINITIALIZED
                  20000200    00000020     Lab8_Task02.obj (.data:ssi_lut)

.bss       0    20000220    00000018     UNINITIALIZED
                  20000220    00000018     (.common:frame_buffer)

.stack     0    20000000    00000200     UNINITIALIZED
                  20000000    00000004     rtsv7M4_T_le_v4SPD16_eabi.lib : boot_cortex_m.c.obj (.stack)
                  20000004    000001fc     --HOLE--

MODULE SUMMARY

       Module                         code   ro data   rw data
       ------                         ----   -------   -------
    .\
       Lab8_Task02.obj                612    0         56     
       tm4c123gh6pm_startup_ccs.obj   12     620       0      
    +--+------------------------------+------+---------+---------+
       Total:                         624    620       56     
                                                              
    C:/ti/tivaware_c_series_2_1_4_178/driverlib/ccs/Debug/driverlib.lib
       sysctl.obj                     574    108       0      
       gpio.obj                       438    144       0      
       ssi.obj                        80     0         0      
       fpu.obj                        16     0         0      
    +--+------------------------------+------+---------+---------+
       Total:                         1108   252       0      
                                                              
    C:\ti\ccs910\ccs\tools\compiler\ti-cgt-arm_18.12.2.LTS\lib\rtsv7M4_T_le_v4SPD16_eabi.lib
       memcpy_t2.asm.obj              156    0         0      
       copy_decompress_lzss.c.obj     104    0         0      
       autoinit.c.obj                 68     0         0      
       boot_cortex_m.c.obj            52     0         0      
       copy_zero_init.c.obj           28     0         0      
       copy_decompress_none.c.obj     14     0         0      
       exit.c.obj                     4      0         0      
       pre_init.c.obj                 4      0         0      
    +--+------------------------------+------+---------+---------+
       Total:                         430    0         0      
                                                              
       Stack:                         0      0         512    
       Linker Generated:              0      67        0      
    +--+------------------------------+------+---------+---------+
       Grand Total:                   2162   939       568    


LINKER GENERATED COPY TABLES

__TI_cinit_table @ 00000c18 records: 2, size/record: 8, table size: 16
	.data: load addr=00000be0, load size=0000001f bytes, run addr=20000200, run size=00000020 bytes, compression=lzss
	.bss: load addr=00000c10, load size=00000008 bytes, run addr=20000220, run size=00000018 bytes, compression=zero_init


LINKER GENERATED HANDLER TABLE

__TI_handler_table @ 00000c00 records: 3, size/record: 4, table size: 12
	index: 0, handler: __TI_decompress_lzss
	index: 1, handler: __TI_decompress_none
	index: 2, handler: __TI_zero_init


GLOBAL SYMBOLS: SORTED ALPHABETICALLY BY Name 

address   name                          
-------   ----                          
00000add  C$$EXIT                       
00000a95  FPULazyStackingEnable         
00000a3d  GPIODirModeSet                
000004d1  GPIOPadConfigSet              
0000090d  GPIOPinConfigure              
00000a83  GPIOPinTypeSSI                
00000ab3  ResetISR                      
00000999  SSIConfigSetExpClk            
00000abf  SSIDataPut                    
00000ac9  SSIEnable                     
00000605  SysCtlClockGet                
00000715  SysCtlClockSet                
00000ad3  SysCtlDelay                   
000009d5  SysCtlPeripheralEnable        
20000200  __STACK_END                   
00000200  __STACK_SIZE                  
20000200  __STACK_TOP                   
00000c18  __TI_CINIT_Base               
00000c28  __TI_CINIT_Limit              
00000c00  __TI_Handler_Table_Base       
00000c0c  __TI_Handler_Table_Limit      
00000955  __TI_auto_init_nobinit_nopinit
000008a5  __TI_decompress_lzss          
00000aa5  __TI_decompress_none          
ffffffff  __TI_pprof_out_hndl           
ffffffff  __TI_prof_data_size           
ffffffff  __TI_prof_data_start          
00000000  __TI_static_base__            
00000a67  __TI_zero_init_nomemset       
00000809  __aeabi_memcpy                
00000809  __aeabi_memcpy4               
00000809  __aeabi_memcpy8               
ffffffff  __binit__                     
ffffffff  __c_args__                    
UNDEFED   __mpu_init                    
20000000  __stack                       
00000a09  _c_int00_noargs               
UNDEFED   _system_post_cinit            
00000ad9  _system_pre_init              
00000add  abort                         
ffffffff  binit                         
00000459  fill_frame_buffer             
20000220  frame_buffer                  
00000000  g_pfnVectors                  
0000026d  main                          
00000809  memcpy                        
000003d7  send_data                     


GLOBAL SYMBOLS: SORTED BY Symbol Address 

address   name                          
-------   ----                          
00000000  __TI_static_base__            
00000000  g_pfnVectors                  
00000200  __STACK_SIZE                  
0000026d  main                          
000003d7  send_data                     
00000459  fill_frame_buffer             
000004d1  GPIOPadConfigSet              
00000605  SysCtlClockGet                
00000715  SysCtlClockSet                
00000809  __aeabi_memcpy                
00000809  __aeabi_memcpy4               
00000809  __aeabi_memcpy8               
00000809  memcpy                        
000008a5  __TI_decompress_lzss          
0000090d  GPIOPinConfigure              
00000955  __TI_auto_init_nobinit_nopinit
00000999  SSIConfigSetExpClk            
000009d5  SysCtlPeripheralEnable        
00000a09  _c_int00_noargs               
00000a3d  GPIODirModeSet                
00000a67  __TI_zero_init_nomemset       
00000a83  GPIOPinTypeSSI                
00000a95  FPULazyStackingEnable         
00000aa5  __TI_decompress_none          
00000ab3  ResetISR                      
00000abf  SSIDataPut                    
00000ac9  SSIEnable                     
00000ad3  SysCtlDelay                   
00000ad9  _system_pre_init              
00000add  C$$EXIT                       
00000add  abort                         
00000c00  __TI_Handler_Table_Base       
00000c0c  __TI_Handler_Table_Limit      
00000c18  __TI_CINIT_Base               
00000c28  __TI_CINIT_Limit              
20000000  __stack                       
20000200  __STACK_END                   
20000200  __STACK_TOP                   
20000220  frame_buffer                  
ffffffff  __TI_pprof_out_hndl           
ffffffff  __TI_prof_data_size           
ffffffff  __TI_prof_data_start          
ffffffff  __binit__                     
ffffffff  __c_args__                    
ffffffff  binit                         
UNDEFED   __mpu_init                    
UNDEFED   _system_post_cinit            

[47 symbols]
