******************************************************************************
                  TI ARM Linker PC v18.12.2                    
******************************************************************************
>> Linked Tue Sep 24 23:27:39 2019

OUTPUT FILE NAME:   <lab3.out>
ENTRY POINT SYMBOL: "_c_int00_noargs"  address: 00000959


MEMORY CONFIGURATION

         name            origin    length      used     unused   attr    fill
----------------------  --------  ---------  --------  --------  ----  --------
  FLASH                 00000000   00020000  00000aa0  0001f560  R  X
  SRAM                  20000000   00008000  00000201  00007dff  RW X


SEGMENT ALLOCATION MAP

run origin  load origin   length   init length attrs members
----------  ----------- ---------- ----------- ----- -------
00000000    00000000    00000aa0   00000aa0    r-x
  00000000    00000000    0000026c   0000026c    r-- .intvecs
  0000026c    0000026c    000007b0   000007b0    r-x .text
  00000a1c    00000a1c    0000006c   0000006c    r-- .const
  00000a88    00000a88    00000018   00000018    r-- .cinit
20000000    20000000    00000201   00000000    rw-
  20000000    20000000    00000200   00000000    rw- .stack
  20000200    20000200    00000001   00000000    rw- .data


SECTION ALLOCATION MAP

 output                                  attributes/
section   page    origin      length       input sections
--------  ----  ----------  ----------   ----------------
.intvecs   0    00000000    0000026c     
                  00000000    0000026c     tm4c123ge6pm_startup_ccs.obj (.intvecs)

.text      0    0000026c    000007b0     
                  0000026c    00000132     driverlib.lib : gpio.obj (.text:GPIOPadConfigSet)
                  0000039e    00000002     --HOLE-- [fill = 0]
                  000003a0    00000110                   : sysctl.obj (.text:SysCtlClockGet)
                  000004b0    000000fc     rtsv7M4_T_le_v4SPD16_eabi.lib : fd_mul_t2.asm.obj (.text)
                  000005ac    000000f8     Task3-2A.obj (.text)
                  000006a4    000000f4     driverlib.lib : sysctl.obj (.text:SysCtlClockSet)
                  00000798    0000009c     rtsv7M4_T_le_v4SPD16_eabi.lib : memcpy_t2.asm.obj (.text)
                  00000834    00000068                                   : copy_decompress_lzss.c.obj (.text:decompress:lzss:__TI_decompress_lzss)
                  0000089c    00000044                                   : autoinit.c.obj (.text:__TI_auto_init_nobinit_nopinit:__TI_auto_init_nobinit_nopinit)
                  000008e0    00000044                                   : fd_tou_t2.asm.obj (.text)
                  00000924    00000034     driverlib.lib : sysctl.obj (.text:SysCtlPeripheralEnable)
                  00000958    00000034     rtsv7M4_T_le_v4SPD16_eabi.lib : boot_cortex_m.c.obj (.text:_c_int00_noargs:_c_int00_noargs)
                  0000098c    0000002a     driverlib.lib : gpio.obj (.text:GPIODirModeSet)
                  000009b6    00000020     rtsv7M4_T_le_v4SPD16_eabi.lib : u_tofd_t2.asm.obj (.text)
                  000009d6    00000018     driverlib.lib : gpio.obj (.text:GPIOPinTypeGPIOOutput)
                  000009ee    0000000e     rtsv7M4_T_le_v4SPD16_eabi.lib : copy_decompress_none.c.obj (.text:decompress:none:__TI_decompress_none)
                  000009fc    0000000c     tm4c123ge6pm_startup_ccs.obj (.text)
                  00000a08    00000006     driverlib.lib : gpio.obj (.text:GPIOPinWrite)
                  00000a0e    00000006                   : sysctl.obj (.text:SysCtlDelay)
                  00000a14    00000004     rtsv7M4_T_le_v4SPD16_eabi.lib : pre_init.c.obj (.text:_system_pre_init)
                  00000a18    00000004                                   : exit.c.obj (.text:abort:abort)

.const     0    00000a1c    0000006c     
                  00000a1c    0000006c     driverlib.lib : sysctl.obj (.const:g_pui32Xtals)

.cinit     0    00000a88    00000018     
                  00000a88    00000008     (__TI_handler_table)
                  00000a90    00000005     (.cinit..data.load) [load image, compression = lzss]
                  00000a95    00000003     --HOLE-- [fill = 0]
                  00000a98    00000008     (__TI_cinit_table)

.init_array 
*          0    00000000    00000000     UNINITIALIZED

.data      0    20000200    00000001     UNINITIALIZED
                  20000200    00000001     Task3-2A.obj (.data)

.stack     0    20000000    00000200     UNINITIALIZED
                  20000000    00000004     rtsv7M4_T_le_v4SPD16_eabi.lib : boot_cortex_m.c.obj (.stack)
                  20000004    000001fc     --HOLE--

MODULE SUMMARY

       Module                         code   ro data   rw data
       ------                         ----   -------   -------
    .\
       tm4c123ge6pm_startup_ccs.obj   12     620       0      
       Task3-2A.obj                   248    0         1      
    +--+------------------------------+------+---------+---------+
       Total:                         260    620       1      
                                                              
    C:/ti/tivaware_c_series_2_1_4_178/driverlib/ccs/Debug/driverlib.lib
       sysctl.obj                     574    108       0      
       gpio.obj                       378    0         0      
    +--+------------------------------+------+---------+---------+
       Total:                         952    108       0      
                                                              
    C:\ti\ccs910\ccs\tools\compiler\ti-cgt-arm_18.12.2.LTS\lib\rtsv7M4_T_le_v4SPD16_eabi.lib
       fd_mul_t2.asm.obj              252    0         0      
       memcpy_t2.asm.obj              156    0         0      
       copy_decompress_lzss.c.obj     104    0         0      
       autoinit.c.obj                 68     0         0      
       fd_tou_t2.asm.obj              68     0         0      
       boot_cortex_m.c.obj            52     0         0      
       u_tofd_t2.asm.obj              32     0         0      
       copy_decompress_none.c.obj     14     0         0      
       exit.c.obj                     4      0         0      
       pre_init.c.obj                 4      0         0      
    +--+------------------------------+------+---------+---------+
       Total:                         754    0         0      
                                                              
       Stack:                         0      0         512    
       Linker Generated:              0      21        0      
    +--+------------------------------+------+---------+---------+
       Grand Total:                   1966   749       513    


LINKER GENERATED COPY TABLES

__TI_cinit_table @ 00000a98 records: 1, size/record: 8, table size: 8
	.data: load addr=00000a90, load size=00000005 bytes, run addr=20000200, run size=00000001 bytes, compression=lzss


LINKER GENERATED HANDLER TABLE

__TI_handler_table @ 00000a88 records: 2, size/record: 4, table size: 8
	index: 0, handler: __TI_decompress_lzss
	index: 1, handler: __TI_decompress_none


GLOBAL SYMBOLS: SORTED ALPHABETICALLY BY Name 

address   name                          
-------   ----                          
00000a19  C$$EXIT                       
0000098d  GPIODirModeSet                
0000026d  GPIOPadConfigSet              
000009d7  GPIOPinTypeGPIOOutput         
00000a09  GPIOPinWrite                  
000009fd  ResetISR                      
000003a1  SysCtlClockGet                
000006a5  SysCtlClockSet                
00000a0f  SysCtlDelay                   
00000925  SysCtlPeripheralEnable        
20000200  __STACK_END                   
00000200  __STACK_SIZE                  
20000200  __STACK_TOP                   
00000a98  __TI_CINIT_Base               
00000aa0  __TI_CINIT_Limit              
00000a88  __TI_Handler_Table_Base       
00000a90  __TI_Handler_Table_Limit      
0000089d  __TI_auto_init_nobinit_nopinit
00000835  __TI_decompress_lzss          
000009ef  __TI_decompress_none          
ffffffff  __TI_pprof_out_hndl           
ffffffff  __TI_prof_data_size           
ffffffff  __TI_prof_data_start          
00000000  __TI_static_base__            
000008e1  __aeabi_d2uiz                 
000004b1  __aeabi_dmul                  
00000799  __aeabi_memcpy                
00000799  __aeabi_memcpy4               
00000799  __aeabi_memcpy8               
000009b7  __aeabi_ui2d                  
ffffffff  __binit__                     
ffffffff  __c_args__                    
UNDEFED   __mpu_init                    
20000000  __stack                       
00000959  _c_int00_noargs               
UNDEFED   _system_post_cinit            
00000a15  _system_pre_init              
00000a19  abort                         
ffffffff  binit                         
00000000  g_pfnVectors                  
000005ad  main                          
00000799  memcpy                        
20000200  ui8PinData                    


GLOBAL SYMBOLS: SORTED BY Symbol Address 

address   name                          
-------   ----                          
00000000  __TI_static_base__            
00000000  g_pfnVectors                  
00000200  __STACK_SIZE                  
0000026d  GPIOPadConfigSet              
000003a1  SysCtlClockGet                
000004b1  __aeabi_dmul                  
000005ad  main                          
000006a5  SysCtlClockSet                
00000799  __aeabi_memcpy                
00000799  __aeabi_memcpy4               
00000799  __aeabi_memcpy8               
00000799  memcpy                        
00000835  __TI_decompress_lzss          
0000089d  __TI_auto_init_nobinit_nopinit
000008e1  __aeabi_d2uiz                 
00000925  SysCtlPeripheralEnable        
00000959  _c_int00_noargs               
0000098d  GPIODirModeSet                
000009b7  __aeabi_ui2d                  
000009d7  GPIOPinTypeGPIOOutput         
000009ef  __TI_decompress_none          
000009fd  ResetISR                      
00000a09  GPIOPinWrite                  
00000a0f  SysCtlDelay                   
00000a15  _system_pre_init              
00000a19  C$$EXIT                       
00000a19  abort                         
00000a88  __TI_Handler_Table_Base       
00000a90  __TI_Handler_Table_Limit      
00000a98  __TI_CINIT_Base               
00000aa0  __TI_CINIT_Limit              
20000000  __stack                       
20000200  __STACK_END                   
20000200  __STACK_TOP                   
20000200  ui8PinData                    
ffffffff  __TI_pprof_out_hndl           
ffffffff  __TI_prof_data_size           
ffffffff  __TI_prof_data_start          
ffffffff  __binit__                     
ffffffff  __c_args__                    
ffffffff  binit                         
UNDEFED   __mpu_init                    
UNDEFED   _system_post_cinit            

[43 symbols]
